Component: ARM Compiler 5.06 update 5 (build 528) Tool: armlink [4d35e2]

==============================================================================

Section Cross References

    startup_stm32f10x_md.o(STACK) refers (Special) to heapauxi.o(.text) for __use_two_region_memory
    startup_stm32f10x_md.o(HEAP) refers (Special) to heapauxi.o(.text) for __use_two_region_memory
    startup_stm32f10x_md.o(RESET) refers (Special) to heapauxi.o(.text) for __use_two_region_memory
    startup_stm32f10x_md.o(RESET) refers to startup_stm32f10x_md.o(STACK) for __initial_sp
    startup_stm32f10x_md.o(RESET) refers to startup_stm32f10x_md.o(.text) for Reset_Handler
    startup_stm32f10x_md.o(RESET) refers to stm32f10x_it.o(i.NMI_Handler) for NMI_Handler
    startup_stm32f10x_md.o(RESET) refers to stm32f10x_it.o(i.HardFault_Handler) for HardFault_Handler
    startup_stm32f10x_md.o(RESET) refers to stm32f10x_it.o(i.MemManage_Handler) for MemManage_Handler
    startup_stm32f10x_md.o(RESET) refers to stm32f10x_it.o(i.BusFault_Handler) for BusFault_Handler
    startup_stm32f10x_md.o(RESET) refers to stm32f10x_it.o(i.UsageFault_Handler) for UsageFault_Handler
    startup_stm32f10x_md.o(RESET) refers to stm32f10x_it.o(i.SVC_Handler) for SVC_Handler
    startup_stm32f10x_md.o(RESET) refers to stm32f10x_it.o(i.DebugMon_Handler) for DebugMon_Handler
    startup_stm32f10x_md.o(RESET) refers to stm32f10x_it.o(i.PendSV_Handler) for PendSV_Handler
    startup_stm32f10x_md.o(RESET) refers to stm32f10x_it.o(i.SysTick_Handler) for SysTick_Handler
    startup_stm32f10x_md.o(RESET) refers to infraredsensor.o(i.EXTI9_5_IRQHandler) for EXTI9_5_IRQHandler
    startup_stm32f10x_md.o(RESET) refers to serial.o(i.USART1_IRQHandler) for USART1_IRQHandler
    startup_stm32f10x_md.o(.text) refers (Special) to heapauxi.o(.text) for __use_two_region_memory
    startup_stm32f10x_md.o(.text) refers to system_stm32f10x.o(i.SystemInit) for SystemInit
    startup_stm32f10x_md.o(.text) refers to __main.o(!!!main) for __main
    startup_stm32f10x_md.o(.text) refers to startup_stm32f10x_md.o(HEAP) for Heap_Mem
    startup_stm32f10x_md.o(.text) refers to startup_stm32f10x_md.o(STACK) for Stack_Mem
    system_stm32f10x.o(i.SetSysClock) refers to system_stm32f10x.o(i.SetSysClockTo72) for SetSysClockTo72
    system_stm32f10x.o(i.SystemCoreClockUpdate) refers to system_stm32f10x.o(.data) for SystemCoreClock
    system_stm32f10x.o(i.SystemInit) refers to system_stm32f10x.o(i.SetSysClock) for SetSysClock
    stm32f10x_adc.o(i.ADC_DeInit) refers to stm32f10x_rcc.o(i.RCC_APB2PeriphResetCmd) for RCC_APB2PeriphResetCmd
    stm32f10x_bkp.o(i.BKP_DeInit) refers to stm32f10x_rcc.o(i.RCC_BackupResetCmd) for RCC_BackupResetCmd
    stm32f10x_can.o(i.CAN_DeInit) refers to stm32f10x_rcc.o(i.RCC_APB1PeriphResetCmd) for RCC_APB1PeriphResetCmd
    stm32f10x_can.o(i.CAN_GetITStatus) refers to stm32f10x_can.o(i.CheckITStatus) for CheckITStatus
    stm32f10x_cec.o(i.CEC_DeInit) refers to stm32f10x_rcc.o(i.RCC_APB1PeriphResetCmd) for RCC_APB1PeriphResetCmd
    stm32f10x_dac.o(i.DAC_DeInit) refers to stm32f10x_rcc.o(i.RCC_APB1PeriphResetCmd) for RCC_APB1PeriphResetCmd
    stm32f10x_flash.o(i.FLASH_EnableWriteProtection) refers to stm32f10x_flash.o(i.FLASH_WaitForLastOperation) for FLASH_WaitForLastOperation
    stm32f10x_flash.o(i.FLASH_EraseAllBank1Pages) refers to stm32f10x_flash.o(i.FLASH_WaitForLastBank1Operation) for FLASH_WaitForLastBank1Operation
    stm32f10x_flash.o(i.FLASH_EraseAllPages) refers to stm32f10x_flash.o(i.FLASH_WaitForLastOperation) for FLASH_WaitForLastOperation
    stm32f10x_flash.o(i.FLASH_EraseOptionBytes) refers to stm32f10x_flash.o(i.FLASH_GetReadOutProtectionStatus) for FLASH_GetReadOutProtectionStatus
    stm32f10x_flash.o(i.FLASH_EraseOptionBytes) refers to stm32f10x_flash.o(i.FLASH_WaitForLastOperation) for FLASH_WaitForLastOperation
    stm32f10x_flash.o(i.FLASH_ErasePage) refers to stm32f10x_flash.o(i.FLASH_WaitForLastOperation) for FLASH_WaitForLastOperation
    stm32f10x_flash.o(i.FLASH_ProgramHalfWord) refers to stm32f10x_flash.o(i.FLASH_WaitForLastOperation) for FLASH_WaitForLastOperation
    stm32f10x_flash.o(i.FLASH_ProgramOptionByteData) refers to stm32f10x_flash.o(i.FLASH_WaitForLastOperation) for FLASH_WaitForLastOperation
    stm32f10x_flash.o(i.FLASH_ProgramWord) refers to stm32f10x_flash.o(i.FLASH_WaitForLastOperation) for FLASH_WaitForLastOperation
    stm32f10x_flash.o(i.FLASH_ReadOutProtection) refers to stm32f10x_flash.o(i.FLASH_WaitForLastOperation) for FLASH_WaitForLastOperation
    stm32f10x_flash.o(i.FLASH_UserOptionByteConfig) refers to stm32f10x_flash.o(i.FLASH_WaitForLastOperation) for FLASH_WaitForLastOperation
    stm32f10x_flash.o(i.FLASH_WaitForLastBank1Operation) refers to stm32f10x_flash.o(i.FLASH_GetBank1Status) for FLASH_GetBank1Status
    stm32f10x_flash.o(i.FLASH_WaitForLastOperation) refers to stm32f10x_flash.o(i.FLASH_GetBank1Status) for FLASH_GetBank1Status
[...]
    .ARM.Collect$$libinit$$00000013          0x08000162   Section        0  libinit2.o(.ARM.Collect$$libinit$$00000013)
    .ARM.Collect$$libinit$$00000015          0x08000162   Section        0  libinit2.o(.ARM.Collect$$libinit$$00000015)
    .ARM.Collect$$libinit$$00000017          0x08000162   Section        0  libinit2.o(.ARM.Collect$$libinit$$00000017)
    .ARM.Collect$$libinit$$00000019          0x08000162   Section        0  libinit2.o(.ARM.Collect$$libinit$$00000019)
    .ARM.Collect$$libinit$$0000001B          0x08000162   Section        0  libinit2.o(.ARM.Collect$$libinit$$0000001B)
    .ARM.Collect$$libinit$$0000001D          0x08000162   Section        0  libinit2.o(.ARM.Collect$$libinit$$0000001D)
    .ARM.Collect$$libinit$$0000001F          0x08000162   Section        0  libinit2.o(.ARM.Collect$$libinit$$0000001F)
    .ARM.Collect$$libinit$$00000021          0x08000162   Section        0  libinit2.o(.ARM.Collect$$libinit$$00000021)
    .ARM.Collect$$libinit$$00000023          0x08000162   Section        0  libinit2.o(.ARM.Collect$$libinit$$00000023)
    .ARM.Collect$$libinit$$00000025          0x08000162   Section        0  libinit2.o(.ARM.Collect$$libinit$$00000025)
    .ARM.Collect$$libinit$$0000002C          0x08000162   Section        0  libinit2.o(.ARM.Collect$$libinit$$0000002C)
    .ARM.Collect$$libinit$$0000002E          0x08000162   Section        0  libinit2.o(.ARM.Collect$$libinit$$0000002E)
    .ARM.Collect$$libinit$$00000030          0x08000162   Section        0  libinit2.o(.ARM.Collect$$libinit$$00000030)
    .ARM.Collect$$libinit$$00000032          0x08000162   Section        0  libinit2.o(.ARM.Collect$$libinit$$00000032)
    .ARM.Collect$$libinit$$00000033          0x08000162   Section        2  libinit2.o(.ARM.Collect$$libinit$$00000033)
    .ARM.Collect$$libshutdown$$00000000      0x08000164   Section        2  libshutdown.o(.ARM.Collect$$libshutdown$$00000000)
    .ARM.Collect$$libshutdown$$00000002      0x08000166   Section        0  libshutdown2.o(.ARM.Collect$$libshutdown$$00000002)
    .ARM.Collect$$libshutdown$$00000004      0x08000166   Section        0  libshutdown2.o(.ARM.Collect$$libshutdown$$00000004)
    .ARM.Collect$$libshutdown$$00000007      0x08000166   Section        0  libshutdown2.o(.ARM.Collect$$libshutdown$$00000007)
    .ARM.Collect$$libshutdown$$0000000A      0x08000166   Section        0  libshutdown2.o(.ARM.Collect$$libshutdown$$0000000A)
    .ARM.Collect$$libshutdown$$0000000C      0x08000166   Section        0  libshutdown2.o(.ARM.Collect$$libshutdown$$0000000C)
    .ARM.Collect$$libshutdown$$0000000F      0x08000166   Section        0  libshutdown2.o(.ARM.Collect$$libshutdown$$0000000F)
    .ARM.Collect$$libshutdown$$00000010      0x08000166   Section        2  libshutdown2.o(.ARM.Collect$$libshutdown$$00000010)
    .ARM.Collect$$rtentry$$00000000          0x08000168   Section        0  __rtentry.o(.ARM.Collect$$rtentry$$00000000)
    .ARM.Collect$$rtentry$$00000002          0x08000168   Section        0  __rtentry2.o(.ARM.Collect$$rtentry$$00000002)
    .ARM.Collect$$rtentry$$00000004          0x08000168   Section        6  __rtentry4.o(.ARM.Collect$$rtentry$$00000004)
    .ARM.Collect$$rtentry$$00000009          0x0800016e   Section        0  __rtentry2.o(.ARM.Collect$$rtentry$$00000009)
    .ARM.Collect$$rtentry$$0000000A          0x0800016e   Section        4  __rtentry2.o(.ARM.Collect$$rtentry$$0000000A)
    .ARM.Collect$$rtentry$$0000000C          0x08000172   Section        0  __rtentry2.o(.ARM.Collect$$rtentry$$0000000C)
    .ARM.Collect$$rtentry$$0000000D          0x08000172   Section        8  __rtentry2.o(.ARM.Collect$$rtentry$$0000000D)
    .ARM.Collect$$rtexit$$00000000           0x0800017a   Section        2  rtexit.o(.ARM.Collect$$rtexit$$00000000)
    .ARM.Collect$$rtexit$$00000002           0x0800017c   Section        0  rtexit2.o(.ARM.Collect$$rtexit$$00000002)
    .ARM.Collect$$rtexit$$00000003           0x0800017c   Section        4  rtexit2.o(.ARM.Collect$$rtexit$$00000003)
    .ARM.Collect$$rtexit$$00000004           0x08000180   Section        6  rtexit2.o(.ARM.Collect$$rtexit$$00000004)
    .text                                    0x08000188   Section       64  startup_stm32f10x_md.o(.text)
    .text                                    0x080001c8   Section        0  heapauxi.o(.text)
    .text                                    0x080001ce   Section        0  _rserrno.o(.text)
    .text                                    0x080001e4   Section        8  rt_errno_addr_intlibspace.o(.text)
    .text                                    0x080001ec   Section        8  libspace.o(.text)
    .text                                    0x080001f4   Section       74  sys_stackheap_outer.o(.text)
    .text                                    0x0800023e   Section        0  exit.o(.text)
    .text                                    0x08000250   Section        0  sys_exit.o(.text)
    .text                                    0x0800025c   Section        2  use_no_semi.o(.text)
    .text                                    0x0800025e   Section        0  indicate_semi.o(.text)
    i.ADC_Cmd                                0x0800025e   Section        0  stm32f10x_adc.o(i.ADC_Cmd)
    i.ADC_GetCalibrationStatus               0x08000274   Section        0  stm32f10x_adc.o(i.ADC_GetCalibrationStatus)
    i.ADC_GetConversionValue                 0x08000288   Section        0  stm32f10x_adc.o(i.ADC_GetConversionValue)
    i.ADC_GetFlagStatus                      0x08000290   Section        0  stm32f10x_adc.o(i.ADC_GetFlagStatus)
    i.ADC_GetResetCalibrationStatus          0x080002a2   Section        0  stm32f10x_adc.o(i.ADC_GetResetCalibrationStatus)
    i.ADC_Init                               0x080002b8   Section        0  stm32f10x_adc.o(i.ADC_Init)
    i.ADC_RegularChannelConfig               0x08000308   Section        0  stm32f10x_adc.o(i.ADC_RegularChannelConfig)
    i.ADC_ResetCalibration                   0x080003c0   Section        0  stm32f10x_adc.o(i.ADC_ResetCalibration)
    i.ADC_SoftwareStartConvCmd               0x080003ca   Section        0  stm32f10x_adc.o(i.ADC_SoftwareStartConvCmd)
    i.ADC_StartCalibration                   0x080003e0   Section        0  stm32f10x_adc.o(i.ADC_StartCalibration)
    i.ADC_TempSensorVrefintCmd               0x080003ec   Section        0  stm32f10x_adc.o(i.ADC_TempSensorVrefintCmd)
    i.AD_GetValue                            0x08000410   Section        0  ad.o(i.AD_GetValue)
    i.AD_Init                                0x08000434   Section        0  ad.o(i.AD_Init)
    i.Balance_Detection                      0x080004dc   Section        0  check.o(i.Balance_Detection)
    i.BusFault_Handler                       0x08000648   Section        0  stm32f10x_it.o(i.BusFault_Handler)
    i.Check_main                             0x0800064c   Section        0  check.o(i.Check_main)
    i.DebugMon_Handler                       0x080007dc   Section        0  stm32f10x_it.o(i.DebugMon_Handler)
    i.Delay_ms                               0x080007de   Section        0  delay.o(i.Delay_ms)
    i.Delay_us                               0x080007f6   Section        0  delay.o(i.Delay_us)
    i.EXTI9_5_IRQHandler                     0x08000824   Section        0  infraredsensor.o(i.EXTI9_5_IRQHandler)
    i.EXTI_ClearITPendingBit                 0x080008c4   Section        0  stm32f10x_exti.o(i.EXTI_ClearITPendingBit)
    i.EXTI_GetITStatus                       0x080008d0   Section        0  stm32f10x_exti.o(i.EXTI_GetITStatus)
    i.EXTI_Init                              0x080008f8   Section        0  stm32f10x_exti.o(i.EXTI_Init)
    i.GPIO_EXTILineConfig                    0x0800098c   Section        0  stm32f10x_gpio.o(i.GPIO_EXTILineConfig)
    i.GPIO_Init                              0x080009cc   Section        0  stm32f10x_gpio.o(i.GPIO_Init)
    i.GPIO_ReadInputDataBit                  0x08000ae2   Section        0  stm32f10x_gpio.o(i.GPIO_ReadInputDataBit)
    i.GPIO_ResetBits                         0x08000af4   Section        0  stm32f10x_gpio.o(i.GPIO_ResetBits)
    i.GPIO_SetBits                           0x08000af8   Section        0  stm32f10x_gpio.o(i.GPIO_SetBits)
    i.GPIO_WriteBit                          0x08000afc   Section        0  stm32f10x_gpio.o(i.GPIO_WriteBit)
    i.GetTemp                                0x08000b08   Section        0  ad.o(i.GetTemp)
    i.GetTemperature                         0x08000b70   Section        0  ad.o(i.GetTemperature)
    i.HardFault_Handler                      0x08000b96   Section        0  stm32f10x_it.o(i.HardFault_Handler)
    i.I2C_AcknowledgeConfig                  0x08000b9a   Section        0  stm32f10x_i2c.o(i.I2C_AcknowledgeConfig)
    i.I2C_CheckEvent                         0x08000bb2   Section        0  stm32f10x_i2c.o(i.I2C_CheckEvent)
    i.I2C_Cmd                                0x08000bdc   Section        0  stm32f10x_i2c.o(i.I2C_Cmd)
    i.I2C_GenerateSTART                      0x08000bf4   Section        0  stm32f10x_i2c.o(i.I2C_GenerateSTART)
    i.I2C_GenerateSTOP                       0x08000c0c   Section        0  stm32f10x_i2c.o(i.I2C_GenerateSTOP)
    i.I2C_Init                               0x08000c24   Section        0  stm32f10x_i2c.o(i.I2C_Init)
    i.I2C_ReceiveData                        0x08000d10   Section        0  stm32f10x_i2c.o(i.I2C_ReceiveData)
    i.I2C_Send7bitAddress                    0x08000d18   Section        0  stm32f10x_i2c.o(i.I2C_Send7bitAddress)
    i.I2C_SendData                           0x08000d2a   Section        0  stm32f10x_i2c.o(i.I2C_SendData)
    i.InfraredSensor_Init                    0x08000d30   Section        0  infraredsensor.o(i.InfraredSensor_Init)
    i.Key_GetNum                             0x08000dbc   Section        0  key.o(i.Key_GetNum)
    i.Key_Init                               0x08000e78   Section        0  key.o(i.Key_Init)
    i.LED1_OFF                               0x08000ea4   Section        0  led.o(i.LED1_OFF)
    i.LED1_ON                                0x08000eb4   Section        0  led.o(i.LED1_ON)
    i.LED_Init                               0x08000ec4   Section        0  led.o(i.LED_Init)
    i.LightSensor_Get                        0x08000ef4   Section        0  lightsensor.o(i.LightSensor_Get)
    i.LightSensor_Init                       0x08000f20   Section        0  lightsensor.o(i.LightSensor_Init)
    i.LightSensor_check                      0x08000f4c   Section        0  check.o(i.LightSensor_check)
    i.MPU6050_GetData                        0x08000fa8   Section        0  mpu6050.o(i.MPU6050_GetData)
    i.MPU6050_Init                           0x08001054   Section        0  mpu6050.o(i.MPU6050_Init)
    i.MPU6050_ReadReg                        0x080010f8   Section        0  mpu6050.o(i.MPU6050_ReadReg)
    i.MPU6050_WaitEvent                      0x08001190   Section        0  mpu6050.o(i.MPU6050_WaitEvent)
    i.MPU6050_WriteReg                       0x080011b4   Section        0  mpu6050.o(i.MPU6050_WriteReg)
    i.MemManage_Handler                      0x08001218   Section        0  stm32f10x_it.o(i.MemManage_Handler)
    i.NMI_Handler                            0x0800121c   Section        0  stm32f10x_it.o(i.NMI_Handler)
    i.NVIC_Init                              0x08001220   Section        0  misc.o(i.NVIC_Init)
    i.NVIC_PriorityGroupConfig               0x08001290   Section        0  misc.o(i.NVIC_PriorityGroupConfig)
    i.OLED_Clear                             0x080012a4   Section        0  oled.o(i.OLED_Clear)
    i.OLED_I2C_Init                          0x080012d0   Section        0  oled.o(i.OLED_I2C_Init)
    i.OLED_I2C_SendByte                      0x08001320   Section        0  oled.o(i.OLED_I2C_SendByte)
    i.OLED_I2C_Start                         0x08001374   Section        0  oled.o(i.OLED_I2C_Start)
    i.OLED_I2C_Stop                          0x080013a8   Section        0  oled.o(i.OLED_I2C_Stop)
    i.OLED_Init                              0x080013d0   Section        0  oled.o(i.OLED_Init)
    i.OLED_SetCursor                         0x0800147e   Section        0  oled.o(i.OLED_SetCursor)
    i.OLED_ShowChar                          0x080014a0   Section        0  oled.o(i.OLED_ShowChar)
    i.OLED_ShowString                        0x08001514   Section        0  oled.o(i.OLED_ShowString)
    i.OLED_WriteCommand                      0x0800153c   Section        0  oled.o(i.OLED_WriteCommand)
    i.OLED_WriteData                         0x0800155c   Section        0  oled.o(i.OLED_WriteData)
    i.PWM_Init                               0x0800157c   Section        0  pwm.o(i.PWM_Init)
    i.PWM_SetCompare1                        0x080016f0   Section        0  pwm.o(i.PWM_SetCompare1)
    i.PWM_SetCompare2                        0x08001700   Section        0  pwm.o(i.PWM_SetCompare2)
    i.PWM_SetCompare3                        0x08001710   Section        0  pwm.o(i.PWM_SetCompare3)
    i.PWM_SetCompare4                        0x08001720   Section        0  pwm.o(i.PWM_SetCompare4)
    i.PWM_Start1                             0x08001730   Section        0  servo.o(i.PWM_Start1)
    i.PWM_Start2                             0x080017a4   Section        0  servo.o(i.PWM_Start2)
    i.PWM_Start3                             0x08001814   Section        0  servo.o(i.PWM_Start3)
    i.PWM_Start4                             0x08001888   Section        0  servo.o(i.PWM_Start4)
    i.PendSV_Handler                         0x080018f8   Section        0  stm32f10x_it.o(i.PendSV_Handler)
    i.RCC_ADCCLKConfig                       0x080018fc   Section        0  stm32f10x_rcc.o(i.RCC_ADCCLKConfig)
    i.RCC_APB1PeriphClockCmd                 0x08001914   Section        0  stm32f10x_rcc.o(i.RCC_APB1PeriphClockCmd)
    i.RCC_APB2PeriphClockCmd                 0x08001934   Section        0  stm32f10x_rcc.o(i.RCC_APB2PeriphClockCmd)
    i.RCC_GetClocksFreq                      0x08001954   Section        0  stm32f10x_rcc.o(i.RCC_GetClocksFreq)
    i.Remote_Control                         0x08001a28   Section        0  check.o(i.Remote_Control)
    i.SVC_Handler                            0x08001ae8   Section        0  stm32f10x_it.o(i.SVC_Handler)
    i.Serial_GetRxData                       0x08001aec   Section        0  serial.o(i.Serial_GetRxData)
    i.Serial_GetRxFlag                       0x08001af8   Section        0  serial.o(i.Serial_GetRxFlag)
    i.Serial_Init                            0x08001b14   Section        0  serial.o(i.Serial_Init)
    i.Serial_SendArray                       0x08001bc4   Section        0  serial.o(i.Serial_SendArray)
    i.Serial_SendByte                        0x08001be0   Section        0  serial.o(i.Serial_SendByte)
    i.Serial_SendPacket                      0x08001c00   Section        0  serial.o(i.Serial_SendPacket)
    i.Servo_Init                             0x08001c28   Section        0  servo.o(i.Servo_Init)
    i.SetSysClock                            0x08001c48   Section        0  system_stm32f10x.o(i.SetSysClock)
    SetSysClock                              0x08001c49   Thumb Code     8  system_stm32f10x.o(i.SetSysClock)
    i.SetSysClockTo72                        0x08001c50   Section        0  system_stm32f10x.o(i.SetSysClockTo72)
    SetSysClockTo72                          0x08001c51   Thumb Code   214  system_stm32f10x.o(i.SetSysClockTo72)
    i.Show_SelfInformation                   0x08001d30   Section        0  servo.o(i.Show_SelfInformation)
    i.SysTick_Handler                        0x08001d68   Section        0  stm32f10x_it.o(i.SysTick_Handler)
    i.SystemInit                             0x08001d6c   Section        0  system_stm32f10x.o(i.SystemInit)
    i.TIM_ARRPreloadConfig                   0x08001dcc   Section        0  stm32f10x_tim.o(i.TIM_ARRPreloadConfig)
    i.TIM_Cmd                                0x08001de4   Section        0  stm32f10x_tim.o(i.TIM_Cmd)
    i.TIM_InternalClockConfig                0x08001dfc   Section        0  stm32f10x_tim.o(i.TIM_InternalClockConfig)
    i.TIM_OC1Init                            0x08001e08   Section        0  stm32f10x_tim.o(i.TIM_OC1Init)
    i.TIM_OC1PreloadConfig                   0x08001ea0   Section        0  stm32f10x_tim.o(i.TIM_OC1PreloadConfig)
    i.TIM_OC2Init                            0x08001eb4   Section        0  stm32f10x_tim.o(i.TIM_OC2Init)
    i.TIM_OC2PreloadConfig                   0x08001f58   Section        0  stm32f10x_tim.o(i.TIM_OC2PreloadConfig)
    i.TIM_OC3Init                            0x08001f74   Section        0  stm32f10x_tim.o(i.TIM_OC3Init)
    i.TIM_OC3PreloadConfig                   0x08002014   Section        0  stm32f10x_tim.o(i.TIM_OC3PreloadConfig)
    i.TIM_OC4Init                            0x08002028   Section        0  stm32f10x_tim.o(i.TIM_OC4Init)
    i.TIM_OC4PreloadConfig                   0x080020a4   Section        0  stm32f10x_tim.o(i.TIM_OC4PreloadConfig)
    i.TIM_OCStructInit                       0x080020be   Section        0  stm32f10x_tim.o(i.TIM_OCStructInit)
    i.TIM_SetCompare1                        0x080020d2   Section        0  stm32f10x_tim.o(i.TIM_SetCompare1)
    i.TIM_SetCompare2                        0x080020d6   Section        0  stm32f10x_tim.o(i.TIM_SetCompare2)
    i.TIM_SetCompare3                        0x080020da   Section        0  stm32f10x_tim.o(i.TIM_SetCompare3)
    i.TIM_SetCompare4                        0x080020de   Section        0  stm32f10x_tim.o(i.TIM_SetCompare4)
    i.TIM_TimeBaseInit                       0x080020e4   Section        0  stm32f10x_tim.o(i.TIM_TimeBaseInit)
    i.Temp_Check                             0x08002188   Section        0  check.o(i.Temp_Check)
    i.USART1_IRQHandler                      0x080021cc   Section        0  serial.o(i.USART1_IRQHandler)
    i.USART_ClearITPendingBit                0x08002204   Section        0  stm32f10x_usart.o(i.USART_ClearITPendingBit)
    i.USART_Cmd                              0x08002222   Section        0  stm32f10x_usart.o(i.USART_Cmd)
    i.USART_GetFlagStatus                    0x0800223a   Section        0  stm32f10x_usart.o(i.USART_GetFlagStatus)
    i.USART_GetITStatus                      0x08002254   Section        0  stm32f10x_usart.o(i.USART_GetITStatus)
    i.USART_ITConfig                         0x080022a8   Section        0  stm32f10x_usart.o(i.USART_ITConfig)
    i.USART_Init                             0x080022f4   Section        0  stm32f10x_usart.o(i.USART_Init)
    i.USART_ReceiveData                      0x080023cc   Section        0  stm32f10x_usart.o(i.USART_ReceiveData)
    i.USART_SendData                         0x080023d6   Section        0  stm32f10x_usart.o(i.USART_SendData)
    i.UsageFault_Handler                     0x080023de   Section        0  stm32f10x_it.o(i.UsageFault_Handler)
    i.__ARM_fpclassify                       0x080023e2   Section        0  fpclassify.o(i.__ARM_fpclassify)
    i.__kernel_poly                          0x0800240a   Section        0  poly.o(i.__kernel_poly)
    i.__mathlib_dbl_infnan                   0x080024b4   Section        0  dunder.o(i.__mathlib_dbl_infnan)
    i.__mathlib_dbl_infnan2                  0x080024ba   Section        0  dunder.o(i.__mathlib_dbl_infnan2)
    i.__mathlib_dbl_underflow                0x080024c0   Section        0  dunder.o(i.__mathlib_dbl_underflow)
    i.atan                                   0x080024d0   Section        0  atan.o(i.atan)
    i.atan2                                  0x080026f0   Section        0  atan2.o(i.atan2)
    i.handler                                0x08002870   Section        0  check.o(i.handler)
    i.main                                   0x08002a28   Section        0  main.o(i.main)
    i.sqrt                                   0x08002a5c   Section        0  sqrt.o(i.sqrt)
    x$fpl$d2f                                0x08002aa8   Section       98  d2f.o(x$fpl$d2f)
    x$fpl$dadd                               0x08002b0c   Section      336  daddsub_clz.o(x$fpl$dadd)
    _dadd1                                   0x08002b1d   Thumb Code     0  daddsub_clz.o(x$fpl$dadd)
    x$fpl$dcheck1                            0x08002c5c   Section       16  dcheck1.o(x$fpl$dcheck1)
    x$fpl$dcmpinf                            0x08002c6c   Section       24  dcmpi.o(x$fpl$dcmpinf)
    x$fpl$ddiv                               0x08002c84   Section      688  ddiv.o(x$fpl$ddiv)
    ddiv_entry                               0x08002c8b   Thumb Code     0  ddiv.o(x$fpl$ddiv)
    x$fpl$dfixu                              0x08002f34   Section       90  dfixu.o(x$fpl$dfixu)
    x$fpl$dflt                               0x08002f8e   Section       46  dflt_clz.o(x$fpl$dflt)
    x$fpl$dfltu                              0x08002fbc   Section       38  dflt_clz.o(x$fpl$dfltu)
    x$fpl$dleqf                              0x08002fe4   Section      120  dleqf.o(x$fpl$dleqf)
    x$fpl$dmul                               0x0800305c   Section      340  dmul.o(x$fpl$dmul)
    x$fpl$dnaninf                            0x080031b0   Section      156  dnaninf.o(x$fpl$dnaninf)
    x$fpl$dretinf                            0x0800324c   Section       12  dretinf.o(x$fpl$dretinf)
    x$fpl$drleqf                             0x08003258   Section      108  drleqf.o(x$fpl$drleqf)
    x$fpl$drsb                               0x080032c4   Section       22  daddsub_clz.o(x$fpl$drsb)
    x$fpl$dsqrt                              0x080032dc   Section      460  dsqrt_noumaal.o(x$fpl$dsqrt)
    x$fpl$dsub                               0x080034a8   Section      468  daddsub_clz.o(x$fpl$dsub)
    _dsub1                                   0x080034b9   Thumb Code     0  daddsub_clz.o(x$fpl$dsub)
    x$fpl$fcmpinf                            0x0800367c   Section       24  fcmpi.o(x$fpl$fcmpinf)
    x$fpl$fleqf                              0x08003694   Section      104  fleqf.o(x$fpl$fleqf)
    x$fpl$fnaninf                            0x080036fc   Section      140  fnaninf.o(x$fpl$fnaninf)
    x$fpl$fretinf                            0x08003788   Section       10  fretinf.o(x$fpl$fretinf)
    x$fpl$frleqf                             0x08003792   Section       98  frleqf.o(x$fpl$frleqf)
    x$fpl$retnan                             0x080037f4   Section      100  retnan.o(x$fpl$retnan)
    x$fpl$scalbn                             0x08003858   Section       92  scalbn.o(x$fpl$scalbn)
    x$fpl$trapveneer                         0x080038b4   Section       48  trapv.o(x$fpl$trapveneer)
    .constdata                               0x080038e4   Section     1520  oled.o(.constdata)
    x$fpl$usenofp                            0x080038e4   Section        0  usenofp.o(x$fpl$usenofp)
    .constdata                               0x08003ed8   Section      152  atan.o(.constdata)
    atanhi                                   0x08003ed8   Data          32  atan.o(.constdata)
    atanlo                                   0x08003ef8   Data          32  atan.o(.constdata)
    aTodd                                    0x08003f18   Data          40  atan.o(.constdata)
    aTeven                                   0x08003f40   Data          48  atan.o(.constdata)
    .constdata                               0x08003f70   Section        8  qnan.o(.constdata)
    .data                                    0x20000000   Section       20  stm32f10x_rcc.o(.data)
    APBAHBPrescTable                         0x20000000   Data          16  stm32f10x_rcc.o(.data)
    ADCPrescTable                            0x20000010   Data           4  stm32f10x_rcc.o(.data)
    .data                                    0x20000018   Section       40  check.o(.data)
    .data                                    0x20000040   Section        1  infraredsensor.o(.data)
    .data                                    0x20000041   Section        6  serial.o(.data)
    .data                                    0x20000047   Section        1  lightsensor.o(.data)
    .bss                                     0x20000048   Section       96  libspace.o(.bss)
    HEAP                                     0x200000a8   Section      512  startup_stm32f10x_md.o(HEAP)
    Heap_Mem                                 0x200000a8   Data         512  startup_stm32f10x_md.o(HEAP)
    STACK                                    0x200002a8   Section     1024  startup_stm32f10x_md.o(STACK)
    Stack_Mem                                0x200002a8   Data        1024  startup_stm32f10x_md.o(STACK)
    __initial_sp                             0x200006a8   Data           0  startup_stm32f10x_md.o(STACK)

    Global Symbols

    Symbol Name                              Value     Ov Type        Size  Object(Section)

    BuildAttributes$$THM_ISAv4$P$D$K$B$S$PE$A:L22UL41UL21$X:L11$S22US41US21$IEEE1$IW$USESV6$~STKCKD$USESV7$~SHL$OTIME$ROPI$IEEEX$EBA8$UX$STANDARDLIB$REQ8$PRES8$EABIv2 0x00000000   Number         0  anon$$obj.o ABSOLUTE
    __ARM_use_no_argv                        0x00000000   Number         0  main.o ABSOLUTE
    __ARM_exceptions_init                     - Undefined Weak Reference
    __alloca_initialize                       - Undefined Weak Reference
    __arm_preinit_                            - Undefined Weak Reference
    __cpp_initialize__aeabi_                  - Undefined Weak Reference
    __cxa_finalize                            - Undefined Weak Reference
    __rt_locale                               - Undefined Weak Reference
    __sigvec_lookup                           - Undefined Weak Reference
    _atexit_init                              - Undefined Weak Reference
    _call_atexit_fns                          - Undefined Weak Reference
    _clock_init                               - Undefined Weak Reference
    _fp_trap_init                             - Undefined Weak Reference
    _fp_trap_shutdown                         - Undefined Weak Reference
    _get_lc_collate                           - Undefined Weak Reference
    _get_lc_ctype                             - Undefined Weak Reference
    _get_lc_monetary                          - Undefined Weak Reference
    _get_lc_numeric                           - Undefined Weak Reference
    _get_lc_time                              - Undefined Weak Reference
    _getenv_init                              - Undefined Weak Reference
    _handle_redirection                       - Undefined Weak Reference
    _init_alloc                               - Undefined Weak Reference
    _init_user_alloc                          - Undefined Weak Reference
    _initio                                   - Undefined Weak Reference
    _rand_init                                - Undefined Weak Reference
    _signal_finish                            - Undefined Weak Reference
    _signal_init                              - Undefined Weak Reference
    _terminate_alloc                          - Undefined Weak Reference
    _terminate_user_alloc                     - Undefined Weak Reference
    _terminateio                              - Undefined Weak Reference
    __Vectors_Size                           0x000000ec   Number         0  startup_stm32f10x_md.o ABSOLUTE
    __Vectors                                0x08000000   Data           4  startup_stm32f10x_md.o(RESET)
    __Vectors_End                            0x080000ec   Data           0  startup_stm32f10x_md.o(RESET)
    __main                                   0x080000ed   Thumb Code     8  __main.o(!!!main)
    __scatterload                            0x080000f5   Thumb Code     0  __scatter.o(!!!scatter)
    __scatterload_rt2                        0x080000f5   Thumb Code    44  __scatter.o(!!!scatter)
    __scatterload_rt2_thumb_only             0x080000f5   Thumb Code     0  __scatter.o(!!!scatter)
    __scatterload_null                       0x08000103   Thumb Code     0  __scatter.o(!!!scatter)
    __scatterload_copy                       0x08000129   Thumb Code    26  __scatter_copy.o(!!handler_copy)
    __scatterload_zeroinit                   0x08000145   Thumb Code    28  __scatter_zi.o(!!handler_zi)
    __rt_lib_init                            0x08000161   Thumb Code     0  libinit.o(.ARM.Collect$$libinit$$00000000)
    __rt_lib_init_alloca_1                   0x08000163   Thumb Code     0  libinit2.o(.ARM.Collect$$libinit$$0000002E)
    __rt_lib_init_argv_1                     0x08000163   Thumb Code     0  libinit2.o(.ARM.Collect$$libinit$$0000002C)
    __rt_lib_init_atexit_1                   0x08000163   Thumb Code     0  libinit2.o(.ARM.Collect$$libinit$$0000001B)
    __rt_lib_init_clock_1                    0x08000163   Thumb Code     0  libinit2.o(.ARM.Collect$$libinit$$00000021)
    __rt_lib_init_cpp_1                      0x08000163   Thumb Code     0  libinit2.o(.ARM.Collect$$libinit$$00000032)
    __rt_lib_init_exceptions_1               0x08000163   Thumb Code     0  libinit2.o(.ARM.Collect$$libinit$$00000030)
    __rt_lib_init_fp_1                       0x08000163   Thumb Code     0  libinit2.o(.ARM.Collect$$libinit$$00000002)
    __rt_lib_init_fp_trap_1                  0x08000163   Thumb Code     0  libinit2.o(.ARM.Collect$$libinit$$0000001F)
    __rt_lib_init_getenv_1                   0x08000163   Thumb Code     0  libinit2.o(.ARM.Collect$$libinit$$00000023)
    __rt_lib_init_heap_1                     0x08000163   Thumb Code     0  libinit2.o(.ARM.Collect$$libinit$$0000000A)
    __rt_lib_init_lc_collate_1               0x08000163   Thumb Code     0  libinit2.o(.ARM.Collect$$libinit$$00000011)
    __rt_lib_init_lc_ctype_1                 0x08000163   Thumb Code     0  libinit2.o(.ARM.Collect$$libinit$$00000013)
    __rt_lib_init_lc_monetary_1              0x08000163   Thumb Code     0  libinit2.o(.ARM.Collect$$libinit$$00000015)
    __rt_lib_init_lc_numeric_1               0x08000163   Thumb Code     0  libinit2.o(.ARM.Collect$$libinit$$00000017)
    __rt_lib_init_lc_time_1                  0x08000163   Thumb Code     0  libinit2.o(.ARM.Collect$$libinit$$00000019)
    __rt_lib_init_preinit_1                  0x08000163   Thumb Code     0  libinit2.o(.ARM.Collect$$libinit$$00000004)
    __rt_lib_init_rand_1                     0x08000163   Thumb Code     0  libinit2.o(.ARM.Collect$$libinit$$0000000E)
    __rt_lib_init_return                     0x08000163   Thumb Code     0  libinit2.o(.ARM.Collect$$libinit$$00000033)
    __rt_lib_init_signal_1                   0x08000163   Thumb Code     0  libinit2.o(.ARM.Collect$$libinit$$0000001D)
    __rt_lib_init_stdio_1                    0x08000163   Thumb Code     0  libinit2.o(.ARM.Collect$$libinit$$00000025)
    __rt_lib_init_user_alloc_1               0x08000163   Thumb Code     0  libinit2.o(.ARM.Collect$$libinit$$0000000C)
    __rt_lib_shutdown                        0x08000165   Thumb Code     0  libshutdown.o(.ARM.Collect$$libshutdown$$00000000)
    __rt_lib_shutdown_cpp_1                  0x08000167   Thumb Code     0  libshutdown2.o(.ARM.Collect$$libshutdown$$00000002)
    __rt_lib_shutdown_fp_trap_1              0x08000167   Thumb Code     0  libshutdown2.o(.ARM.Collect$$libshutdown$$00000007)
    __rt_lib_shutdown_heap_1                 0x08000167   Thumb Code     0  libshutdown2.o(.ARM.Collect$$libshutdown$$0000000F)
    __rt_lib_shutdown_return                 0x08000167   Thumb Code     0  libshutdown2.o(.ARM.Collect$$libshutdown$$00000010)
    __rt_lib_shutdown_signal_1               0x08000167   Thumb Code     0  libshutdown2.o(.ARM.Collect$$libshutdown$$0000000A)
    __rt_lib_shutdown_stdio_1                0x08000167   Thumb Code     0  libshutdown2.o(.ARM.Collect$$libshutdown$$00000004)
    __rt_lib_shutdown_user_alloc_1           0x08000167   Thumb Code     0  libshutdown2.o(.ARM.Collect$$libshutdown$$0000000C)
    __rt_entry                               0x08000169   Thumb Code     0  __rtentry.o(.ARM.Collect$$rtentry$$00000000)
    __rt_entry_presh_1                       0x08000169   Thumb Code     0  __rtentry2.o(.ARM.Collect$$rtentry$$00000002)
    __rt_entry_sh                            0x08000169   Thumb Code     0  __rtentry4.o(.ARM.Collect$$rtentry$$00000004)
    __rt_entry_li                            0x0800016f   Thumb Code     0  __rtentry2.o(.ARM.Collect$$rtentry$$0000000A)
    __rt_entry_postsh_1                      0x0800016f   Thumb Code     0  __rtentry2.o(.ARM.Collect$$rtentry$$00000009)
    __rt_entry_main                          0x08000173   Thumb Code     0  __rtentry2.o(.ARM.Collect$$rtentry$$0000000D)
    __rt_entry_postli_1                      0x08000173   Thumb Code     0  __rtentry2.o(.ARM.Collect$$rtentry$$0000000C)
    __rt_exit                                0x0800017b   Thumb Code     0  rtexit.o(.ARM.Collect$$rtexit$$00000000)
    __rt_exit_ls                             0x0800017d   Thumb Code     0  rtexit2.o(.ARM.Collect$$rtexit$$00000003)
    __rt_exit_prels_1                        0x0800017d   Thumb Code     0  rtexit2.o(.ARM.Collect$$rtexit$$00000002)
    __rt_exit_exit                           0x08000181   Thumb Code     0  rtexit2.o(.ARM.Collect$$rtexit$$00000004)
    Reset_Handler                            0x08000189   Thumb Code     8  startup_stm32f10x_md.o(.text)
    ADC1_2_IRQHandler                        0x080001a3   Thumb Code     0  startup_stm32f10x_md.o(.text)
    CAN1_RX1_IRQHandler                      0x080001a3   Thumb Code     0  startup_stm32f10x_md.o(.text)
    CAN1_SCE_IRQHandler                      0x080001a3   Thumb Code     0  startup_stm32f10x_md.o(.text)
    DMA1_Channel1_IRQHandler                 0x080001a3   Thumb Code     0  startup_stm32f10x_md.o(.text)
    DMA1_Channel2_IRQHandler                 0x080001a3   Thumb Code     0  startup_stm32f10x_md.o(.text)
    DMA1_Channel3_IRQHandler                 0x080001a3   Thumb Code     0  startup_stm32f10x_md.o(.text)
    DMA1_Channel4_IRQHandler                 0x080001a3   Thumb Code     0  startup_stm32f10x_md.o(.text)
    DMA1_Channel5_IRQHandler                 0x080001a3   Thumb Code     0  startup_stm32f10x_md.o(.text)
    DMA1_Channel6_IRQHandler                 0x080001a3   Thumb Code     0  startup_stm32f10x_md.o(.text)
    DMA1_Channel7_IRQHandler                 0x080001a3   Thumb Code     0  startup_stm32f10x_md.o(.text)
    EXTI0_IRQHandler                         0x080001a3   Thumb Code     0  startup_stm32f10x_md.o(.text)
    EXTI15_10_IRQHandler                     0x080001a3   Thumb Code     0  startup_stm32f10x_md.o(.text)
    EXTI1_IRQHandler                         0x080001a3   Thumb Code     0  startup_stm32f10x_md.o(.text)
    EXTI2_IRQHandler                         0x080001a3   Thumb Code     0  startup_stm32f10x_md.o(.text)
    EXTI3_IRQHandler                         0x080001a3   Thumb Code     0  startup_stm32f10x_md.o(.text)
    EXTI4_IRQHandler                         0x080001a3   Thumb Code     0  startup_stm32f10x_md.o(.text)
    FLASH_IRQHandler                         0x080001a3   Thumb Code     0  startup_stm32f10x_md.o(.text)
    I2C1_ER_IRQHandler                       0x080001a3   Thumb Code     0  startup_stm32f10x_md.o(.text)
    I2C1_EV_IRQHandler                       0x080001a3   Thumb Code     0  startup_stm32f10x_md.o(.text)
    I2C2_ER_IRQHandler                       0x080001a3   Thumb Code     0  startup_stm32f10x_md.o(.text)
    I2C2_EV_IRQHandler                       0x080001a3   Thumb Code     0  startup_stm32f10x_md.o(.text)
    PVD_IRQHandler                           0x080001a3   Thumb Code     0  startup_stm32f10x_md.o(.text)
    RCC_IRQHandler                           0x080001a3   Thumb Code     0  startup_stm32f10x_md.o(.text)
    RTCAlarm_IRQHandler                      0x080001a3   Thumb Code     0  startup_stm32f10x_md.o(.text)
    RTC_IRQHandler                           0x080001a3   Thumb Code     0  startup_stm32f10x_md.o(.text)
    SPI1_IRQHandler                          0x080001a3   Thumb Code     0  startup_stm32f10x_md.o(.text)
    SPI2_IRQHandler                          0x080001a3   Thumb Code     0  startup_stm32f10x_md.o(.text)
    TAMPER_IRQHandler                        0x080001a3   Thumb Code     0  startup_stm32f10x_md.o(.text)
    TIM1_BRK_IRQHandler                      0x080001a3   Thumb Code     0  startup_stm32f10x_md.o(.text)
    TIM1_CC_IRQHandler                       0x080001a3   Thumb Code     0  startup_stm32f10x_md.o(.text)
    TIM1_TRG_COM_IRQHandler                  0x080001a3   Thumb Code     0  startup_stm32f10x_md.o(.text)
    TIM1_UP_IRQHandler                       0x080001a3   Thumb Code     0  startup_stm32f10x_md.o(.text)
    TIM2_IRQHandler                          0x080001a3   Thumb Code     0  startup_stm32f10x_md.o(.text)
    TIM3_IRQHandler                          0x080001a3   Thumb Code     0  startup_stm32f10x_md.o(.text)
    TIM4_IRQHandler                          0x080001a3   Thumb Code     0  startup_stm32f10x_md.o(.text)
    USART2_IRQHandler                        0x080001a3   Thumb Code     0  startup_stm32f10x_md.o(.text)
    USART3_IRQHandler                        0x080001a3   Thumb Code     0  startup_stm32f10x_md.o(.text)
    USBWakeUp_IRQHandler                     0x080001a3   Thumb Code     0  startup_stm32f10x_md.o(.text)
    USB_HP_CAN1_TX_IRQHandler                0x080001a3   Thumb Code     0  startup_stm32f10x_md.o(.text)
    USB_LP_CAN1_RX0_IRQHandler               0x080001a3   Thumb Code     0  startup_stm32f10x_md.o(.text)
    WWDG_IRQHandler                          0x080001a3   Thumb Code     0  startup_stm32f10x_md.o(.text)
    __user_initial_stackheap                 0x080001a5   Thumb Code     0  startup_stm32f10x_md.o(.text)
    __use_two_region_memory                  0x080001c9   Thumb Code     2  heapauxi.o(.text)
    __rt_heap_escrow$2region                 0x080001cb   Thumb Code     2  heapauxi.o(.text)
    __rt_heap_expand$2region                 0x080001cd   Thumb Code     2  heapauxi.o(.text)
    __read_errno                             0x080001cf   Thumb Code    10  _rserrno.o(.text)
    __set_errno                              0x080001d9   Thumb Code    12  _rserrno.o(.text)
    __aeabi_errno_addr                       0x080001e5   Thumb Code     8  rt_errno_addr_intlibspace.o(.text)
    __errno$intlibspace                      0x080001e5   Thumb Code     0  rt_errno_addr_intlibspace.o(.text)
    __rt_errno_addr$intlibspace              0x080001e5   Thumb Code     0  rt_errno_addr_intlibspace.o(.text)
    __user_libspace                          0x080001ed   Thumb Code     8  libspace.o(.text)
    __user_perproc_libspace                  0x080001ed   Thumb Code     0  libspace.o(.text)
    __user_perthread_libspace                0x080001ed   Thumb Code     0  libspace.o(.text)
    __user_setup_stackheap                   0x080001f5   Thumb Code    74  sys_stackheap_outer.o(.text)
    exit                                     0x0800023f   Thumb Code    18  exit.o(.text)
    _sys_exit                                0x08000251   Thumb Code     8  sys_exit.o(.text)
    __I$use$semihosting                      0x0800025d   Thumb Code     0  use_no_semi.o(.text)
    __use_no_semihosting_swi                 0x0800025d   Thumb Code     2  use_no_semi.o(.text)
    ADC_Cmd                                  0x0800025f   Thumb Code    22  stm32f10x_adc.o(i.ADC_Cmd)
    __semihosting_library_function           0x0800025f   Thumb Code     0  indicate_semi.o(.text)
    ADC_GetCalibrationStatus                 0x08000275   Thumb Code    20  stm32f10x_adc.o(i.ADC_GetCalibrationStatus)
    ADC_GetConversionValue                   0x08000289   Thumb Code     8  stm32f10x_adc.o(i.ADC_GetConversionValue)
    ADC_GetFlagStatus                        0x08000291   Thumb Code    18  stm32f10x_adc.o(i.ADC_GetFlagStatus)
    ADC_GetResetCalibrationStatus            0x080002a3   Thumb Code    20  stm32f10x_adc.o(i.ADC_GetResetCalibrationStatus)
    ADC_Init                                 0x080002b9   Thumb Code    70  stm32f10x_adc.o(i.ADC_Init)
    ADC_RegularChannelConfig                 0x08000309   Thumb Code   184  stm32f10x_adc.o(i.ADC_RegularChannelConfig)
    ADC_ResetCalibration                     0x080003c1   Thumb Code    10  stm32f10x_adc.o(i.ADC_ResetCalibration)
    ADC_SoftwareStartConvCmd                 0x080003cb   Thumb Code    22  stm32f10x_adc.o(i.ADC_SoftwareStartConvCmd)
    ADC_StartCalibration                     0x080003e1   Thumb Code    10  stm32f10x_adc.o(i.ADC_StartCalibration)
    ADC_TempSensorVrefintCmd                 0x080003ed   Thumb Code    30  stm32f10x_adc.o(i.ADC_TempSensorVrefintCmd)
    AD_GetValue                              0x08000411   Thumb Code    32  ad.o(i.AD_GetValue)
    AD_Init                                  0x08000435   Thumb Code   158  ad.o(i.AD_Init)
    Balance_Detection                        0x080004dd   Thumb Code   294  check.o(i.Balance_Detection)
    BusFault_Handler                         0x08000649   Thumb Code     4  stm32f10x_it.o(i.BusFault_Handler)
    Check_main                               0x0800064d   Thumb Code   322  check.o(i.Check_main)
    DebugMon_Handler                         0x080007dd   Thumb Code     2  stm32f10x_it.o(i.DebugMon_Handler)
    Delay_ms                                 0x080007df   Thumb Code    24  delay.o(i.Delay_ms)
    Delay_us                                 0x080007f7   Thumb Code    46  delay.o(i.Delay_us)
    EXTI9_5_IRQHandler                       0x08000825   Thumb Code   150  infraredsensor.o(i.EXTI9_5_IRQHandler)
    EXTI_ClearITPendingBit                   0x080008c5   Thumb Code     6  stm32f10x_exti.o(i.EXTI_ClearITPendingBit)
    EXTI_GetITStatus                         0x080008d1   Thumb Code    34  stm32f10x_exti.o(i.EXTI_GetITStatus)
    EXTI_Init                                0x080008f9   Thumb Code   142  stm32f10x_exti.o(i.EXTI_Init)
    GPIO_EXTILineConfig                      0x0800098d   Thumb Code    60  stm32f10x_gpio.o(i.GPIO_EXTILineConfig)
    GPIO_Init                                0x080009cd   Thumb Code   278  stm32f10x_gpio.o(i.GPIO_Init)
    GPIO_ReadInputDataBit                    0x08000ae3   Thumb Code    18  stm32f10x_gpio.o(i.GPIO_ReadInputDataBit)
    GPIO_ResetBits                           0x08000af5   Thumb Code     4  stm32f10x_gpio.o(i.GPIO_ResetBits)
    GPIO_SetBits                             0x08000af9   Thumb Code     4  stm32f10x_gpio.o(i.GPIO_SetBits)
    GPIO_WriteBit                            0x08000afd   Thumb Code    10  stm32f10x_gpio.o(i.GPIO_WriteBit)
    GetTemp                                  0x08000b09   Thumb Code    80  ad.o(i.GetTemp)
    GetTemperature                           0x08000b71   Thumb Code    38  ad.o(i.GetTemperature)
    HardFault_Handler                        0x08000b97   Thumb Code     4  stm32f10x_it.o(i.HardFault_Handler)
    I2C_AcknowledgeConfig                    0x08000b9b   Thumb Code    24  stm32f10x_i2c.o(i.I2C_AcknowledgeConfig)
    I2C_CheckEvent                           0x08000bb3   Thumb Code    42  stm32f10x_i2c.o(i.I2C_CheckEvent)
    I2C_Cmd                                  0x08000bdd   Thumb Code    24  stm32f10x_i2c.o(i.I2C_Cmd)
    I2C_GenerateSTART                        0x08000bf5   Thumb Code    24  stm32f10x_i2c.o(i.I2C_GenerateSTART)
    I2C_GenerateSTOP                         0x08000c0d   Thumb Code    24  stm32f10x_i2c.o(i.I2C_GenerateSTOP)
    I2C_Init                                 0x08000c25   Thumb Code   222  stm32f10x_i2c.o(i.I2C_Init)
    I2C_ReceiveData                          0x08000d11   Thumb Code     8  stm32f10x_i2c.o(i.I2C_ReceiveData)
    I2C_Send7bitAddress                      0x08000d19   Thumb Code    18  stm32f10x_i2c.o(i.I2C_Send7bitAddress)
    I2C_SendData                             0x08000d2b   Thumb Code     4  stm32f10x_i2c.o(i.I2C_SendData)
    InfraredSensor_Init                      0x08000d31   Thumb Code   136  infraredsensor.o(i.InfraredSensor_Init)
    Key_GetNum                               0x08000dbd   Thumb Code   182  key.o(i.Key_GetNum)
    Key_Init                                 0x08000e79   Thumb Code    40  key.o(i.Key_Init)
    LED1_OFF                                 0x08000ea5   Thumb Code    12  led.o(i.LED1_OFF)
    LED1_ON                                  0x08000eb5   Thumb Code    12  led.o(i.LED1_ON)
    LED_Init                                 0x08000ec5   Thumb Code    44  led.o(i.LED_Init)
    LightSensor_Get                          0x08000ef5   Thumb Code    36  lightsensor.o(i.LightSensor_Get)
    LightSensor_Init                         0x08000f21   Thumb Code    40  lightsensor.o(i.LightSensor_Init)
    LightSensor_check                        0x08000f4d   Thumb Code    82  check.o(i.LightSensor_check)
    MPU6050_GetData                          0x08000fa9   Thumb Code   172  mpu6050.o(i.MPU6050_GetData)
    MPU6050_Init                             0x08001055   Thumb Code   156  mpu6050.o(i.MPU6050_Init)
    MPU6050_ReadReg                          0x080010f9   Thumb Code   138  mpu6050.o(i.MPU6050_ReadReg)
    MPU6050_WaitEvent                        0x08001191   Thumb Code    34  mpu6050.o(i.MPU6050_WaitEvent)
    MPU6050_WriteReg                         0x080011b5   Thumb Code    86  mpu6050.o(i.MPU6050_WriteReg)
    MemManage_Handler                        0x08001219   Thumb Code     4  stm32f10x_it.o(i.MemManage_Handler)
    NMI_Handler                              0x0800121d   Thumb Code     2  stm32f10x_it.o(i.NMI_Handler)
    NVIC_Init                                0x08001221   Thumb Code   100  misc.o(i.NVIC_Init)
    NVIC_PriorityGroupConfig                 0x08001291   Thumb Code    10  misc.o(i.NVIC_PriorityGroupConfig)
    OLED_Clear                               0x080012a5   Thumb Code    42  oled.o(i.OLED_Clear)
    OLED_I2C_Init                            0x080012d1   Thumb Code    76  oled.o(i.OLED_I2C_Init)
    OLED_I2C_SendByte                        0x08001321   Thumb Code    80  oled.o(i.OLED_I2C_SendByte)
    OLED_I2C_Start                           0x08001375   Thumb Code    48  oled.o(i.OLED_I2C_Start)
    OLED_I2C_Stop                            0x080013a9   Thumb Code    36  oled.o(i.OLED_I2C_Stop)
    OLED_Init                                0x080013d1   Thumb Code   174  oled.o(i.OLED_Init)
    OLED_SetCursor                           0x0800147f   Thumb Code    34  oled.o(i.OLED_SetCursor)
    OLED_ShowChar                            0x080014a1   Thumb Code   110  oled.o(i.OLED_ShowChar)
    OLED_ShowString                          0x08001515   Thumb Code    40  oled.o(i.OLED_ShowString)
    OLED_WriteCommand                        0x0800153d   Thumb Code    32  oled.o(i.OLED_WriteCommand)
    OLED_WriteData                           0x0800155d   Thumb Code    32  oled.o(i.OLED_WriteData)
    PWM_Init                                 0x0800157d   Thumb Code   366  pwm.o(i.PWM_Init)
    PWM_SetCompare1                          0x080016f1   Thumb Code    16  pwm.o(i.PWM_SetCompare1)
    PWM_SetCompare2                          0x08001701   Thumb Code    16  pwm.o(i.PWM_SetCompare2)
    PWM_SetCompare3                          0x08001711   Thumb Code    16  pwm.o(i.PWM_SetCompare3)
    PWM_SetCompare4                          0x08001721   Thumb Code    16  pwm.o(i.PWM_SetCompare4)
    PWM_Start1                               0x08001731   Thumb Code    70  servo.o(i.PWM_Start1)
    PWM_Start2                               0x080017a5   Thumb Code    70  servo.o(i.PWM_Start2)
    PWM_Start3                               0x08001815   Thumb Code    70  servo.o(i.PWM_Start3)
    PWM_Start4                               0x08001889   Thumb Code    70  servo.o(i.PWM_Start4)
    PendSV_Handler                           0x080018f9   Thumb Code     2  stm32f10x_it.o(i.PendSV_Handler)
    RCC_ADCCLKConfig                         0x080018fd   Thumb Code    18  stm32f10x_rcc.o(i.RCC_ADCCLKConfig)
    RCC_APB1PeriphClockCmd                   0x08001915   Thumb Code    26  stm32f10x_rcc.o(i.RCC_APB1PeriphClockCmd)
    RCC_APB2PeriphClockCmd                   0x08001935   Thumb Code    26  stm32f10x_rcc.o(i.RCC_APB2PeriphClockCmd)
    RCC_GetClocksFreq                        0x08001955   Thumb Code   192  stm32f10x_rcc.o(i.RCC_GetClocksFreq)
    Remote_Control                           0x08001a29   Thumb Code   166  check.o(i.Remote_Control)
    SVC_Handler                              0x08001ae9   Thumb Code     2  stm32f10x_it.o(i.SVC_Handler)
    Serial_GetRxData                         0x08001aed   Thumb Code     6  serial.o(i.Serial_GetRxData)
    Serial_GetRxFlag                         0x08001af9   Thumb Code    22  serial.o(i.Serial_GetRxFlag)
    Serial_Init                              0x08001b15   Thumb Code   168  serial.o(i.Serial_Init)
    Serial_SendArray                         0x08001bc5   Thumb Code    26  serial.o(i.Serial_SendArray)
    Serial_SendByte                          0x08001be1   Thumb Code    28  serial.o(i.Serial_SendByte)
    Serial_SendPacket                        0x08001c01   Thumb Code    36  serial.o(i.Serial_SendPacket)
    Servo_Init                               0x08001c29   Thumb Code    32  servo.o(i.Servo_Init)
    Show_SelfInformation                     0x08001d31   Thumb Code    24  servo.o(i.Show_SelfInformation)
    SysTick_Handler                          0x08001d69   Thumb Code     2  stm32f10x_it.o(i.SysTick_Handler)
    SystemInit                               0x08001d6d   Thumb Code    78  system_stm32f10x.o(i.SystemInit)
    TIM_ARRPreloadConfig                     0x08001dcd   Thumb Code    24  stm32f10x_tim.o(i.TIM_ARRPreloadConfig)
    TIM_Cmd                                  0x08001de5   Thumb Code    24  stm32f10x_tim.o(i.TIM_Cmd)
    TIM_InternalClockConfig                  0x08001dfd   Thumb Code    12  stm32f10x_tim.o(i.TIM_InternalClockConfig)
    TIM_OC1Init                              0x08001e09   Thumb Code   132  stm32f10x_tim.o(i.TIM_OC1Init)
    TIM_OC1PreloadConfig                     0x08001ea1   Thumb Code    18  stm32f10x_tim.o(i.TIM_OC1PreloadConfig)
    TIM_OC2Init                              0x08001eb5   Thumb Code   154  stm32f10x_tim.o(i.TIM_OC2Init)
    TIM_OC2PreloadConfig                     0x08001f59   Thumb Code    26  stm32f10x_tim.o(i.TIM_OC2PreloadConfig)
    TIM_OC3Init                              0x08001f75   Thumb Code   150  stm32f10x_tim.o(i.TIM_OC3Init)
    TIM_OC3PreloadConfig                     0x08002015   Thumb Code    18  stm32f10x_tim.o(i.TIM_OC3PreloadConfig)
    TIM_OC4Init                              0x08002029   Thumb Code   114  stm32f10x_tim.o(i.TIM_OC4Init)
    TIM_OC4PreloadConfig                     0x080020a5   Thumb Code    26  stm32f10x_tim.o(i.TIM_OC4PreloadConfig)
    TIM_OCStructInit                         0x080020bf   Thumb Code    20  stm32f10x_tim.o(i.TIM_OCStructInit)
    TIM_SetCompare1                          0x080020d3   Thumb Code     4  stm32f10x_tim.o(i.TIM_SetCompare1)
    TIM_SetCompare2                          0x080020d7   Thumb Code     4  stm32f10x_tim.o(i.TIM_SetCompare2)
    TIM_SetCompare3                          0x080020db   Thumb Code     4  stm32f10x_tim.o(i.TIM_SetCompare3)
    TIM_SetCompare4                          0x080020df   Thumb Code     6  stm32f10x_tim.o(i.TIM_SetCompare4)
    TIM_TimeBaseInit                         0x080020e5   Thumb Code   122  stm32f10x_tim.o(i.TIM_TimeBaseInit)
    Temp_Check                               0x08002189   Thumb Code    56  check.o(i.Temp_Check)
    USART1_IRQHandler                        0x080021cd   Thumb Code    44  serial.o(i.USART1_IRQHandler)
    USART_ClearITPendingBit                  0x08002205   Thumb Code    30  stm32f10x_usart.o(i.USART_ClearITPendingBit)
    USART_Cmd                                0x08002223   Thumb Code    24  stm32f10x_usart.o(i.USART_Cmd)
    USART_GetFlagStatus                      0x0800223b   Thumb Code    26  stm32f10x_usart.o(i.USART_GetFlagStatus)
    USART_GetITStatus                        0x08002255   Thumb Code    84  stm32f10x_usart.o(i.USART_GetITStatus)
    USART_ITConfig                           0x080022a9   Thumb Code    74  stm32f10x_usart.o(i.USART_ITConfig)
    USART_Init                               0x080022f5   Thumb Code   210  stm32f10x_usart.o(i.USART_Init)
    USART_ReceiveData                        0x080023cd   Thumb Code    10  stm32f10x_usart.o(i.USART_ReceiveData)
    USART_SendData                           0x080023d7   Thumb Code     8  stm32f10x_usart.o(i.USART_SendData)
    UsageFault_Handler                       0x080023df   Thumb Code     4  stm32f10x_it.o(i.UsageFault_Handler)
    __ARM_fpclassify                         0x080023e3   Thumb Code    40  fpclassify.o(i.__ARM_fpclassify)
    __kernel_poly                            0x0800240b   Thumb Code   170  poly.o(i.__kernel_poly)
    __mathlib_dbl_infnan                     0x080024b5   Thumb Code     6  dunder.o(i.__mathlib_dbl_infnan)
    __mathlib_dbl_infnan2                    0x080024bb   Thumb Code     4  dunder.o(i.__mathlib_dbl_infnan2)
    __mathlib_dbl_underflow                  0x080024c1   Thumb Code    10  dunder.o(i.__mathlib_dbl_underflow)
    atan                                     0x080024d1   Thumb Code   474  atan.o(i.atan)
    atan2                                    0x080026f1   Thumb Code   346  atan2.o(i.atan2)
    handler                                  0x08002871   Thumb Code   348  check.o(i.handler)
    main                                     0x08002a29   Thumb Code    42  main.o(i.main)
    sqrt                                     0x08002a5d   Thumb Code    76  sqrt.o(i.sqrt)
    __aeabi_d2f                              0x08002aa9   Thumb Code     0  d2f.o(x$fpl$d2f)
    _d2f                                     0x08002aa9   Thumb Code    98  d2f.o(x$fpl$d2f)
    __aeabi_dadd                             0x08002b0d   Thumb Code     0  daddsub_clz.o(x$fpl$dadd)
    _dadd                                    0x08002b0d   Thumb Code   332  daddsub_clz.o(x$fpl$dadd)
    __fpl_dcheck_NaN1                        0x08002c5d   Thumb Code    10  dcheck1.o(x$fpl$dcheck1)
    __fpl_dcmp_Inf                           0x08002c6d   Thumb Code    24  dcmpi.o(x$fpl$dcmpinf)
    __aeabi_ddiv                             0x08002c85   Thumb Code     0  ddiv.o(x$fpl$ddiv)
    _ddiv                                    0x08002c85   Thumb Code   552  ddiv.o(x$fpl$ddiv)
    __aeabi_d2uiz                            0x08002f35   Thumb Code     0  dfixu.o(x$fpl$dfixu)
    _dfixu                                   0x08002f35   Thumb Code    90  dfixu.o(x$fpl$dfixu)
    __aeabi_i2d                              0x08002f8f   Thumb Code     0  dflt_clz.o(x$fpl$dflt)
    _dflt                                    0x08002f8f   Thumb Code    46  dflt_clz.o(x$fpl$dflt)
    __aeabi_ui2d                             0x08002fbd   Thumb Code     0  dflt_clz.o(x$fpl$dfltu)
    _dfltu                                   0x08002fbd   Thumb Code    38  dflt_clz.o(x$fpl$dfltu)
    __aeabi_cdcmple                          0x08002fe5   Thumb Code     0  dleqf.o(x$fpl$dleqf)
    _dcmple                                  0x08002fe5   Thumb Code   120  dleqf.o(x$fpl$dleqf)
    __fpl_dcmple_InfNaN                      0x08003047   Thumb Code     0  dleqf.o(x$fpl$dleqf)
    __aeabi_dmul                             0x0800305d   Thumb Code     0  dmul.o(x$fpl$dmul)
    _dmul                                    0x0800305d   Thumb Code   332  dmul.o(x$fpl$dmul)
    __fpl_dnaninf                            0x080031b1   Thumb Code   156  dnaninf.o(x$fpl$dnaninf)
    __fpl_dretinf                            0x0800324d   Thumb Code    12  dretinf.o(x$fpl$dretinf)
    __aeabi_cdrcmple                         0x08003259   Thumb Code     0  drleqf.o(x$fpl$drleqf)
    _drcmple                                 0x08003259   Thumb Code   108  drleqf.o(x$fpl$drleqf)
    __aeabi_drsub                            0x080032c5   Thumb Code     0  daddsub_clz.o(x$fpl$drsb)
    _drsb                                    0x080032c5   Thumb Code    22  daddsub_clz.o(x$fpl$drsb)
    _dsqrt                                   0x080032dd   Thumb Code   456  dsqrt_noumaal.o(x$fpl$dsqrt)
    __aeabi_dsub                             0x080034a9   Thumb Code     0  daddsub_clz.o(x$fpl$dsub)
    _dsub                                    0x080034a9   Thumb Code   464  daddsub_clz.o(x$fpl$dsub)
    __fpl_fcmp_Inf                           0x0800367d   Thumb Code    24  fcmpi.o(x$fpl$fcmpinf)
    __aeabi_cfcmple                          0x08003695   Thumb Code     0  fleqf.o(x$fpl$fleqf)
    _fcmple                                  0x08003695   Thumb Code   104  fleqf.o(x$fpl$fleqf)
    __fpl_fcmple_InfNaN                      0x080036e7   Thumb Code     0  fleqf.o(x$fpl$fleqf)
    __fpl_fnaninf                            0x080036fd   Thumb Code   140  fnaninf.o(x$fpl$fnaninf)
    __fpl_fretinf                            0x08003789   Thumb Code    10  fretinf.o(x$fpl$fretinf)
    __aeabi_cfrcmple                         0x08003793   Thumb Code     0  frleqf.o(x$fpl$frleqf)
    _frcmple                                 0x08003793   Thumb Code    98  frleqf.o(x$fpl$frleqf)
    __fpl_return_NaN                         0x080037f5   Thumb Code   100  retnan.o(x$fpl$retnan)
    __ARM_scalbn                             0x08003859   Thumb Code    92  scalbn.o(x$fpl$scalbn)
    __fpl_cmpreturn                          0x080038b5   Thumb Code    48  trapv.o(x$fpl$trapveneer)
    OLED_F8x16                               0x080038e4   Data        1520  oled.o(.constdata)
    __I$use$fp                               0x080038e4   Number         0  usenofp.o(x$fpl$usenofp)
    __mathlib_zero                           0x08003f70   Data           8  qnan.o(.constdata)
    Region$$Table$$Base                      0x08003f78   Number         0  anon$$obj.o(Region$$Table)
    Region$$Table$$Limit                     0x08003f98   Number         0  anon$$obj.o(Region$$Table)
    KeyNum                                   0x20000018   Data           1  check.o(.data)
    RxData                                   0x20000019   Data           1  check.o(.data)
    lsFlag                                   0x2000001a   Data           1  check.o(.data)
    Flags                                    0x2000001b   Data           1  check.o(.data)
    roll                                     0x2000001c   Data           4  check.o(.data)
    pitch                                    0x20000020   Data           4  check.o(.data)
    temp                                     0x20000028   Data           8  check.o(.data)
    num1                                     0x20000030   Data           1  check.o(.data)
    num2                                     0x20000031   Data           1  check.o(.data)
    num3                                     0x20000032   Data           1  check.o(.data)
    num4                                     0x20000033   Data           1  check.o(.data)
    AX                                       0x20000034   Data           2  check.o(.data)
    AY                                       0x20000036   Data           2  check.o(.data)
    AZ                                       0x20000038   Data           2  check.o(.data)
    GX                                       0x2000003a   Data           2  check.o(.data)
    GY                                       0x2000003c   Data           2  check.o(.data)
    GZ                                       0x2000003e   Data           2  check.o(.data)
    flag                                     0x20000040   Data           1  infraredsensor.o(.data)
    Serial_TxPacket                          0x20000041   Data           4  serial.o(.data)
    Serial_RxData                            0x20000045   Data           1  serial.o(.data)
    Serial_RxFlag                            0x20000046   Data           1  serial.o(.data)
    LSFlag                                   0x20000047   Data           1  lightsensor.o(.data)
    __libspace_start                         0x20000048   Data          96  libspace.o(.bss)
    __temporary_stack_top$libspace           0x200000a8   Data           0  libspace.o(.bss)



==============================================================================

Memory Map of the image

  Image Entry point : 0x080000ed

  Load Region LR_IROM1 (Base: 0x08000000, Size: 0x00003fe0, Max: 0x00010000, ABSOLUTE)

    Execution Region ER_IROM1 (Exec base: 0x08000000, Load base: 0x08000000, Size: 0x00003f98, Max: 0x00010000, ABSOLUTE)

    Exec Addr    Load Addr    Size         Type   Attr      Idx    E Section Name        Object

    0x08000000   0x08000000   0x000000ec   Data   RO            3    RESET               startup_stm32f10x_md.o
    0x080000ec   0x080000ec   0x00000008   Code   RO         3842  * !!!main             c_w.l(__main.o)
    0x080000f4   0x080000f4   0x00000034   Code   RO         4106    !!!scatter          c_w.l(__scatter.o)
    0x08000128   0x08000128   0x0000001a   Code   RO         4108    !!handler_copy      c_w.l(__scatter_copy.o)
    0x08000142   0x08000142   0x00000002   PAD
    0x08000144   0x08000144   0x0000001c   Code   RO         4110    !!handler_zi        c_w.l(__scatter_zi.o)
    0x08000160   0x08000160   0x00000002   Code   RO         3973    .ARM.Collect$$libinit$$00000000  c_w.l(libinit.o)
    0x08000162   0x08000162   0x00000000   Code   RO         3979    .ARM.Collect$$libinit$$00000002  c_w.l(libinit2.o)
    0x08000162   0x08000162   0x00000000   Code   RO         3981    .ARM.Collect$$libinit$$00000004  c_w.l(libinit2.o)
    0x08000162   0x08000162   0x00000000   Code   RO         3984    .ARM.Collect$$libinit$$0000000A  c_w.l(libinit2.o)
    0x08000162   0x08000162   0x00000000   Code   RO         3986    .ARM.Collect$$libinit$$0000000C  c_w.l(libinit2.o)
    0x08000162   0x08000162   0x00000000   Code   RO         3988    .ARM.Collect$$libinit$$0000000E  c_w.l(libinit2.o)
    0x08000162   0x08000162   0x00000000   Code   RO         3991    .ARM.Collect$$libinit$$00000011  c_w.l(libinit2.o)
    0x08000162   0x08000162   0x00000000   Code   RO         3993    .ARM.Collect$$libinit$$00000013  c_w.l(libinit2.o)
    0x08000162   0x08000162   0x00000000   Code   RO         3995    .ARM.Collect$$libinit$$00000015  c_w.l(libinit2.o)
    0x08000162   0x08000162   0x00000000   Code   RO         3997    .ARM.Collect$$libinit$$00000017  c_w.l(libinit2.o)
    0x08000162   0x08000162   0x00000000   Code   RO         3999    .ARM.Collect$$libinit$$00000019  c_w.l(libinit2.o)
    0x08000162   0x08000162   0x00000000   Code   RO         4001    .ARM.Collect$$libinit$$0000001B  c_w.l(libinit2.o)
    0x08000162   0x08000162   0x00000000   Code   RO         4003    .ARM.Collect$$libinit$$0000001D  c_w.l(libinit2.o)
    0x08000162   0x08000162   0x00000000   Code   RO         4005    .ARM.Collect$$libinit$$0000001F  c_w.l(libinit2.o)
    0x08000162   0x08000162   0x00000000   Code   RO         4007    .ARM.Collect$$libinit$$00000021  c_w.l(libinit2.o)
    0x08000162   0x08000162   0x00000000   Code   RO         4009    .ARM.Collect$$libinit$$00000023  c_w.l(libinit2.o)
    0x08000162   0x08000162   0x00000000   Code   RO         4011    .ARM.Collect$$libinit$$00000025  c_w.l(libinit2.o)
    0x08000162   0x08000162   0x00000000   Code   RO         4015    .ARM.Collect$$libinit$$0000002C  c_w.l(libinit2.o)
    0x08000162   0x08000162   0x00000000   Code   RO         4017    .ARM.Collect$$libinit$$0000002E  c_w.l(libinit2.o)
    0x08000162   0x08000162   0x00000000   Code   RO         4019    .ARM.Collect$$libinit$$00000030  c_w.l(libinit2.o)
    0x08000162   0x08000162   0x00000000   Code   RO         4021    .ARM.Collect$$libinit$$00000032  c_w.l(libinit2.o)
    0x08000162   0x08000162   0x00000002   Code   RO         4022    .ARM.Collect$$libinit$$00000033  c_w.l(libinit2.o)
    0x08000164   0x08000164   0x00000002   Code   RO         4046    .ARM.Collect$$libshutdown$$00000000  c_w.l(libshutdown.o)
    0x08000166   0x08000166   0x00000000   Code   RO         4059    .ARM.Collect$$libshutdown$$00000002  c_w.l(libshutdown2.o)
    0x08000166   0x08000166   0x00000000   Code   RO         4061    .ARM.Collect$$libshutdown$$00000004  c_w.l(libshutdown2.o)
    0x08000166   0x08000166   0x00000000   Code   RO         4064    .ARM.Collect$$libshutdown$$00000007  c_w.l(libshutdown2.o)
    0x08000166   0x08000166   0x00000000   Code   RO         4067    .ARM.Collect$$libshutdown$$0000000A  c_w.l(libshutdown2.o)
    0x08000166   0x08000166   0x00000000   Code   RO         4069    .ARM.Collect$$libshutdown$$0000000C  c_w.l(libshutdown2.o)
    0x08000166   0x08000166   0x00000000   Code   RO         4072    .ARM.Collect$$libshutdown$$0000000F  c_w.l(libshutdown2.o)
    0x08000166   0x08000166   0x00000002   Code   RO         4073    .ARM.Collect$$libshutdown$$00000010  c_w.l(libshutdown2.o)
    0x08000168   0x08000168   0x00000000   Code   RO         3890    .ARM.Collect$$rtentry$$00000000  c_w.l(__rtentry.o)
    0x08000168   0x08000168   0x00000000   Code   RO         3934    .ARM.Collect$$rtentry$$00000002  c_w.l(__rtentry2.o)
    0x08000168   0x08000168   0x00000006   Code   RO         3946    .ARM.Collect$$rtentry$$00000004  c_w.l(__rtentry4.o)
    0x0800016e   0x0800016e   0x00000000   Code   RO         3936    .ARM.Collect$$rtentry$$00000009  c_w.l(__rtentry2.o)
    0x0800016e   0x0800016e   0x00000004   Code   RO         3937    .ARM.Collect$$rtentry$$0000000A  c_w.l(__rtentry2.o)
    0x08000172   0x08000172   0x00000000   Code   RO         3939    .ARM.Collect$$rtentry$$0000000C  c_w.l(__rtentry2.o)
    0x08000172   0x08000172   0x00000008   Code   RO         3940    .ARM.Collect$$rtentry$$0000000D  c_w.l(__rtentry2.o)
    0x0800017a   0x0800017a   0x00000002   Code   RO         3976    .ARM.Collect$$rtexit$$00000000  c_w.l(rtexit.o)
    0x0800017c   0x0800017c   0x00000000   Code   RO         4026    .ARM.Collect$$rtexit$$00000002  c_w.l(rtexit2.o)
    0x0800017c   0x0800017c   0x00000004   Code   RO         4027    .ARM.Collect$$rtexit$$00000003  c_w.l(rtexit2.o)
    0x08000180   0x08000180   0x00000006   Code   RO         4028    .ARM.Collect$$rtexit$$00000004  c_w.l(rtexit2.o)
    0x08000186   0x08000186   0x00000002   PAD
    0x08000188   0x08000188   0x00000040   Code   RO            4    .text               startup_stm32f10x_md.o
    0x080001c8   0x080001c8   0x00000006   Code   RO         3840    .text               c_w.l(heapauxi.o)
    0x080001ce   0x080001ce   0x00000016   Code   RO         3891    .text               c_w.l(_rserrno.o)
    0x080001e4   0x080001e4   0x00000008   Code   RO         3951    .text               c_w.l(rt_errno_addr_intlibspace.o)
    0x080001ec   0x080001ec   0x00000008   Code   RO         3961    .text               c_w.l(libspace.o)
    0x080001f4   0x080001f4   0x0000004a   Code   RO         3964    .text               c_w.l(sys_stackheap_outer.o)
    0x0800023e   0x0800023e   0x00000012   Code   RO         3966    .text               c_w.l(exit.o)
    0x08000250   0x08000250   0x0000000c   Code   RO         4038    .text               c_w.l(sys_exit.o)
    0x0800025c   0x0800025c   0x00000002   Code   RO         4049    .text               c_w.l(use_no_semi.o)
    0x0800025e   0x0800025e   0x00000000   Code   RO         4051    .text               c_w.l(indicate_semi.o)
    0x0800025e   0x0800025e   0x00000016   Code   RO          202    i.ADC_Cmd           stm32f10x_adc.o
    0x08000274   0x08000274   0x00000014   Code   RO          210    i.ADC_GetCalibrationStatus  stm32f10x_adc.o
    0x08000288   0x08000288   0x00000008   Code   RO          211    i.ADC_GetConversionValue  stm32f10x_adc.o
    0x08000290   0x08000290   0x00000012   Code   RO          213    i.ADC_GetFlagStatus  stm32f10x_adc.o
    0x080002a2   0x080002a2   0x00000014   Code   RO          216    i.ADC_GetResetCalibrationStatus  stm32f10x_adc.o
    0x080002b6   0x080002b6   0x00000002   PAD
    0x080002b8   0x080002b8   0x00000050   Code   RO          220    i.ADC_Init          stm32f10x_adc.o
    0x08000308   0x08000308   0x000000b8   Code   RO          224    i.ADC_RegularChannelConfig  stm32f10x_adc.o
    0x080003c0   0x080003c0   0x0000000a   Code   RO          225    i.ADC_ResetCalibration  stm32f10x_adc.o
    0x080003ca   0x080003ca   0x00000016   Code   RO          227    i.ADC_SoftwareStartConvCmd  stm32f10x_adc.o
    0x080003e0   0x080003e0   0x0000000a   Code   RO          229    i.ADC_StartCalibration  stm32f10x_adc.o
    0x080003ea   0x080003ea   0x00000002   PAD
    0x080003ec   0x080003ec   0x00000024   Code   RO          231    i.ADC_TempSensorVrefintCmd  stm32f10x_adc.o
    0x08000410   0x08000410   0x00000024   Code   RO         3733    i.AD_GetValue       ad.o
    0x08000434   0x08000434   0x000000a8   Code   RO         3734    i.AD_Init           ad.o
    0x080004dc   0x080004dc   0x0000016c   Code   RO         3220    i.Balance_Detection  check.o
    0x08000648   0x08000648   0x00000004   Code   RO         3775    i.BusFault_Handler  stm32f10x_it.o
    0x0800064c   0x0800064c   0x00000190   Code   RO         3221    i.Check_main        check.o
    0x080007dc   0x080007dc   0x00000002   Code   RO         3776    i.DebugMon_Handler  stm32f10x_it.o
    0x080007de   0x080007de   0x00000018   Code   RO         3196    i.Delay_ms          delay.o
    0x080007f6   0x080007f6   0x0000002e   Code   RO         3198    i.Delay_us          delay.o
    0x08000824   0x08000824   0x000000a0   Code   RO         3583    i.EXTI9_5_IRQHandler  infraredsensor.o
    0x080008c4   0x080008c4   0x0000000c   Code   RO          985    i.EXTI_ClearITPendingBit  stm32f10x_exti.o
    0x080008d0   0x080008d0   0x00000028   Code   RO          989    i.EXTI_GetITStatus  stm32f10x_exti.o
    0x080008f8   0x080008f8   0x00000094   Code   RO          990    i.EXTI_Init         stm32f10x_exti.o
    0x0800098c   0x0800098c   0x00000040   Code   RO         1344    i.GPIO_EXTILineConfig  stm32f10x_gpio.o
    0x080009cc   0x080009cc   0x00000116   Code   RO         1347    i.GPIO_Init         stm32f10x_gpio.o
    0x08000ae2   0x08000ae2   0x00000012   Code   RO         1351    i.GPIO_ReadInputDataBit  stm32f10x_gpio.o
    0x08000af4   0x08000af4   0x00000004   Code   RO         1354    i.GPIO_ResetBits    stm32f10x_gpio.o
    0x08000af8   0x08000af8   0x00000004   Code   RO         1355    i.GPIO_SetBits      stm32f10x_gpio.o
    0x08000afc   0x08000afc   0x0000000a   Code   RO         1358    i.GPIO_WriteBit     stm32f10x_gpio.o
    0x08000b06   0x08000b06   0x00000002   PAD
    0x08000b08   0x08000b08   0x00000068   Code   RO         3735    i.GetTemp           ad.o
    0x08000b70   0x08000b70   0x00000026   Code   RO         3736    i.GetTemperature    ad.o
    0x08000b96   0x08000b96   0x00000004   Code   RO         3777    i.HardFault_Handler  stm32f10x_it.o
    0x08000b9a   0x08000b9a   0x00000018   Code   RO         1459    i.I2C_AcknowledgeConfig  stm32f10x_i2c.o
    0x08000bb2   0x08000bb2   0x0000002a   Code   RO         1461    i.I2C_CheckEvent    stm32f10x_i2c.o
    0x08000bdc   0x08000bdc   0x00000018   Code   RO         1464    i.I2C_Cmd           stm32f10x_i2c.o
    0x08000bf4   0x08000bf4   0x00000018   Code   RO         1471    i.I2C_GenerateSTART  stm32f10x_i2c.o
    0x08000c0c   0x08000c0c   0x00000018   Code   RO         1472    i.I2C_GenerateSTOP  stm32f10x_i2c.o
    0x08000c24   0x08000c24   0x000000ec   Code   RO         1478    i.I2C_Init          stm32f10x_i2c.o
    0x08000d10   0x08000d10   0x00000008   Code   RO         1483    i.I2C_ReceiveData   stm32f10x_i2c.o
    0x08000d18   0x08000d18   0x00000012   Code   RO         1485    i.I2C_Send7bitAddress  stm32f10x_i2c.o
    0x08000d2a   0x08000d2a   0x00000004   Code   RO         1486    i.I2C_SendData      stm32f10x_i2c.o
    0x08000d2e   0x08000d2e   0x00000002   PAD
    0x08000d30   0x08000d30   0x0000008c   Code   RO         3584    i.InfraredSensor_Init  infraredsensor.o
    0x08000dbc   0x08000dbc   0x000000bc   Code   RO         3354    i.Key_GetNum        key.o
    0x08000e78   0x08000e78   0x0000002c   Code   RO         3355    i.Key_Init          key.o
    0x08000ea4   0x08000ea4   0x00000010   Code   RO         3306    i.LED1_OFF          led.o
    0x08000eb4   0x08000eb4   0x00000010   Code   RO         3307    i.LED1_ON           led.o
    0x08000ec4   0x08000ec4   0x00000030   Code   RO         3312    i.LED_Init          led.o
    0x08000ef4   0x08000ef4   0x0000002c   Code   RO         3667    i.LightSensor_Get   lightsensor.o
    0x08000f20   0x08000f20   0x0000002c   Code   RO         3668    i.LightSensor_Init  lightsensor.o
    0x08000f4c   0x08000f4c   0x0000005c   Code   RO         3222    i.LightSensor_check  check.o
    0x08000fa8   0x08000fa8   0x000000ac   Code   RO         3688    i.MPU6050_GetData   mpu6050.o
    0x08001054   0x08001054   0x000000a4   Code   RO         3690    i.MPU6050_Init      mpu6050.o
    0x080010f8   0x080010f8   0x00000098   Code   RO         3691    i.MPU6050_ReadReg   mpu6050.o
    0x08001190   0x08001190   0x00000022   Code   RO         3692    i.MPU6050_WaitEvent  mpu6050.o
    0x080011b2   0x080011b2   0x00000002   PAD
    0x080011b4   0x080011b4   0x00000064   Code   RO         3693    i.MPU6050_WriteReg  mpu6050.o
    0x08001218   0x08001218   0x00000004   Code   RO         3778    i.MemManage_Handler  stm32f10x_it.o
    0x0800121c   0x0800121c   0x00000002   Code   RO         3779    i.NMI_Handler       stm32f10x_it.o
    0x0800121e   0x0800121e   0x00000002   PAD
    0x08001220   0x08001220   0x00000070   Code   RO          137    i.NVIC_Init         misc.o
    0x08001290   0x08001290   0x00000014   Code   RO          138    i.NVIC_PriorityGroupConfig  misc.o
    0x080012a4   0x080012a4   0x0000002a   Code   RO         3375    i.OLED_Clear        oled.o
    0x080012ce   0x080012ce   0x00000002   PAD
    0x080012d0   0x080012d0   0x00000050   Code   RO         3376    i.OLED_I2C_Init     oled.o
    0x08001320   0x08001320   0x00000054   Code   RO         3377    i.OLED_I2C_SendByte  oled.o
    0x08001374   0x08001374   0x00000034   Code   RO         3378    i.OLED_I2C_Start    oled.o
    0x080013a8   0x080013a8   0x00000028   Code   RO         3379    i.OLED_I2C_Stop     oled.o
    0x080013d0   0x080013d0   0x000000ae   Code   RO         3380    i.OLED_Init         oled.o
    0x0800147e   0x0800147e   0x00000022   Code   RO         3382    i.OLED_SetCursor    oled.o
    0x080014a0   0x080014a0   0x00000074   Code   RO         3384    i.OLED_ShowChar     oled.o
    0x08001514   0x08001514   0x00000028   Code   RO         3388    i.OLED_ShowString   oled.o
    0x0800153c   0x0800153c   0x00000020   Code   RO         3389    i.OLED_WriteCommand  oled.o
    0x0800155c   0x0800155c   0x00000020   Code   RO         3390    i.OLED_WriteData    oled.o
    0x0800157c   0x0800157c   0x00000174   Code   RO         3483    i.PWM_Init          pwm.o
    0x080016f0   0x080016f0   0x00000010   Code   RO         3484    i.PWM_SetCompare1   pwm.o
    0x08001700   0x08001700   0x00000010   Code   RO         3485    i.PWM_SetCompare2   pwm.o
    0x08001710   0x08001710   0x00000010   Code   RO         3486    i.PWM_SetCompare3   pwm.o
    0x08001720   0x08001720   0x00000010   Code   RO         3487    i.PWM_SetCompare4   pwm.o
    0x08001730   0x08001730   0x00000074   Code   RO         3519    i.PWM_Start1        servo.o
    0x080017a4   0x080017a4   0x00000070   Code   RO         3520    i.PWM_Start2        servo.o
    0x08001814   0x08001814   0x00000074   Code   RO         3521    i.PWM_Start3        servo.o
    0x08001888   0x08001888   0x00000070   Code   RO         3522    i.PWM_Start4        servo.o
    0x080018f8   0x080018f8   0x00000002   Code   RO         3780    i.PendSV_Handler    stm32f10x_it.o
    0x080018fa   0x080018fa   0x00000002   PAD
    0x080018fc   0x080018fc   0x00000018   Code   RO         1773    i.RCC_ADCCLKConfig  stm32f10x_rcc.o
    0x08001914   0x08001914   0x00000020   Code   RO         1775    i.RCC_APB1PeriphClockCmd  stm32f10x_rcc.o
    0x08001934   0x08001934   0x00000020   Code   RO         1777    i.RCC_APB2PeriphClockCmd  stm32f10x_rcc.o
    0x08001954   0x08001954   0x000000d4   Code   RO         1785    i.RCC_GetClocksFreq  stm32f10x_rcc.o
    0x08001a28   0x08001a28   0x000000c0   Code   RO         3223    i.Remote_Control    check.o
    0x08001ae8   0x08001ae8   0x00000002   Code   RO         3781    i.SVC_Handler       stm32f10x_it.o
    0x08001aea   0x08001aea   0x00000002   PAD
    0x08001aec   0x08001aec   0x0000000c   Code   RO         3610    i.Serial_GetRxData  serial.o
    0x08001af8   0x08001af8   0x0000001c   Code   RO         3611    i.Serial_GetRxFlag  serial.o
    0x08001b14   0x08001b14   0x000000b0   Code   RO         3612    i.Serial_Init       serial.o
    0x08001bc4   0x08001bc4   0x0000001a   Code   RO         3613    i.Serial_SendArray  serial.o
    0x08001bde   0x08001bde   0x00000002   PAD
    0x08001be0   0x08001be0   0x00000020   Code   RO         3614    i.Serial_SendByte   serial.o
    0x08001c00   0x08001c00   0x00000028   Code   RO         3615    i.Serial_SendPacket  serial.o
    0x08001c28   0x08001c28   0x00000020   Code   RO         3523    i.Servo_Init        servo.o
    0x08001c48   0x08001c48   0x00000008   Code   RO           24    i.SetSysClock       system_stm32f10x.o
    0x08001c50   0x08001c50   0x000000e0   Code   RO           25    i.SetSysClockTo72   system_stm32f10x.o
    0x08001d30   0x08001d30   0x00000038   Code   RO         3524    i.Show_SelfInformation  servo.o
    0x08001d68   0x08001d68   0x00000002   Code   RO         3782    i.SysTick_Handler   stm32f10x_it.o
    0x08001d6a   0x08001d6a   0x00000002   PAD
    0x08001d6c   0x08001d6c   0x00000060   Code   RO           27    i.SystemInit        system_stm32f10x.o
    0x08001dcc   0x08001dcc   0x00000018   Code   RO         2409    i.TIM_ARRPreloadConfig  stm32f10x_tim.o
    0x08001de4   0x08001de4   0x00000018   Code   RO         2421    i.TIM_Cmd           stm32f10x_tim.o
    0x08001dfc   0x08001dfc   0x0000000c   Code   RO         2448    i.TIM_InternalClockConfig  stm32f10x_tim.o
    0x08001e08   0x08001e08   0x00000098   Code   RO         2450    i.TIM_OC1Init       stm32f10x_tim.o
    0x08001ea0   0x08001ea0   0x00000012   Code   RO         2453    i.TIM_OC1PreloadConfig  stm32f10x_tim.o
    0x08001eb2   0x08001eb2   0x00000002   PAD
    0x08001eb4   0x08001eb4   0x000000a4   Code   RO         2455    i.TIM_OC2Init       stm32f10x_tim.o
    0x08001f58   0x08001f58   0x0000001a   Code   RO         2458    i.TIM_OC2PreloadConfig  stm32f10x_tim.o
    0x08001f72   0x08001f72   0x00000002   PAD
    0x08001f74   0x08001f74   0x000000a0   Code   RO         2460    i.TIM_OC3Init       stm32f10x_tim.o
    0x08002014   0x08002014   0x00000012   Code   RO         2463    i.TIM_OC3PreloadConfig  stm32f10x_tim.o
    0x08002026   0x08002026   0x00000002   PAD
    0x08002028   0x08002028   0x0000007c   Code   RO         2465    i.TIM_OC4Init       stm32f10x_tim.o
    0x080020a4   0x080020a4   0x0000001a   Code   RO         2467    i.TIM_OC4PreloadConfig  stm32f10x_tim.o
    0x080020be   0x080020be   0x00000014   Code   RO         2468    i.TIM_OCStructInit  stm32f10x_tim.o
    0x080020d2   0x080020d2   0x00000004   Code   RO         2482    i.TIM_SetCompare1   stm32f10x_tim.o
    0x080020d6   0x080020d6   0x00000004   Code   RO         2483    i.TIM_SetCompare2   stm32f10x_tim.o
    0x080020da   0x080020da   0x00000004   Code   RO         2484    i.TIM_SetCompare3   stm32f10x_tim.o
    0x080020de   0x080020de   0x00000006   Code   RO         2485    i.TIM_SetCompare4   stm32f10x_tim.o
    0x080020e4   0x080020e4   0x000000a4   Code   RO         2492    i.TIM_TimeBaseInit  stm32f10x_tim.o
    0x08002188   0x08002188   0x00000044   Code   RO         3224    i.Temp_Check        check.o
    0x080021cc   0x080021cc   0x00000038   Code   RO         3617    i.USART1_IRQHandler  serial.o
    0x08002204   0x08002204   0x0000001e   Code   RO         2957    i.USART_ClearITPendingBit  stm32f10x_usart.o
    0x08002222   0x08002222   0x00000018   Code   RO         2960    i.USART_Cmd         stm32f10x_usart.o
    0x0800223a   0x0800223a   0x0000001a   Code   RO         2963    i.USART_GetFlagStatus  stm32f10x_usart.o
    0x08002254   0x08002254   0x00000054   Code   RO         2964    i.USART_GetITStatus  stm32f10x_usart.o
    0x080022a8   0x080022a8   0x0000004a   Code   RO         2966    i.USART_ITConfig    stm32f10x_usart.o
    0x080022f2   0x080022f2   0x00000002   PAD
    0x080022f4   0x080022f4   0x000000d8   Code   RO         2967    i.USART_Init        stm32f10x_usart.o
    0x080023cc   0x080023cc   0x0000000a   Code   RO         2974    i.USART_ReceiveData  stm32f10x_usart.o
    0x080023d6   0x080023d6   0x00000008   Code   RO         2977    i.USART_SendData    stm32f10x_usart.o
    0x080023de   0x080023de   0x00000004   Code   RO         3783    i.UsageFault_Handler  stm32f10x_it.o
    0x080023e2   0x080023e2   0x00000028   Code   RO         3957    i.__ARM_fpclassify  m_ws.l(fpclassify.o)
    0x0800240a   0x0800240a   0x000000aa   Code   RO         3959    i.__kernel_poly     m_ws.l(poly.o)
    0x080024b4   0x080024b4   0x00000006   Code   RO         3919    i.__mathlib_dbl_infnan  m_ws.l(dunder.o)
    0x080024ba   0x080024ba   0x00000004   Code   RO         3920    i.__mathlib_dbl_infnan2  m_ws.l(dunder.o)
    0x080024be   0x080024be   0x00000002   PAD
    0x080024c0   0x080024c0   0x00000010   Code   RO         3924    i.__mathlib_dbl_underflow  m_ws.l(dunder.o)
    0x080024d0   0x080024d0   0x00000220   Code   RO         3909    i.atan              m_ws.l(atan.o)
    0x080026f0   0x080026f0   0x00000180   Code   RO         3875    i.atan2             m_ws.l(atan2.o)
    0x08002870   0x08002870   0x000001b8   Code   RO         3225    i.handler           check.o
    0x08002a28   0x08002a28   0x00000034   Code   RO         3763    i.main              main.o
    0x08002a5c   0x08002a5c   0x0000004c   Code   RO         3883    i.sqrt              m_ws.l(sqrt.o)
    0x08002aa8   0x08002aa8   0x00000062   Code   RO         3844    x$fpl$d2f           fz_ws.l(d2f.o)
    0x08002b0a   0x08002b0a   0x00000002   PAD
    0x08002b0c   0x08002b0c   0x00000150   Code   RO         3846    x$fpl$dadd          fz_ws.l(daddsub_clz.o)
    0x08002c5c   0x08002c5c   0x00000010   Code   RO         3974    x$fpl$dcheck1       fz_ws.l(dcheck1.o)
    0x08002c6c   0x08002c6c   0x00000018   Code   RO         3953    x$fpl$dcmpinf       fz_ws.l(dcmpi.o)
    0x08002c84   0x08002c84   0x000002b0   Code   RO         3853    x$fpl$ddiv          fz_ws.l(ddiv.o)
    0x08002f34   0x08002f34   0x0000005a   Code   RO         3856    x$fpl$dfixu         fz_ws.l(dfixu.o)
    0x08002f8e   0x08002f8e   0x0000002e   Code   RO         3861    x$fpl$dflt          fz_ws.l(dflt_clz.o)
    0x08002fbc   0x08002fbc   0x00000026   Code   RO         3860    x$fpl$dfltu         fz_ws.l(dflt_clz.o)
    0x08002fe2   0x08002fe2   0x00000002   PAD
    0x08002fe4   0x08002fe4   0x00000078   Code   RO         3893    x$fpl$dleqf         fz_ws.l(dleqf.o)
    0x0800305c   0x0800305c   0x00000154   Code   RO         3866    x$fpl$dmul          fz_ws.l(dmul.o)
    0x080031b0   0x080031b0   0x0000009c   Code   RO         3895    x$fpl$dnaninf       fz_ws.l(dnaninf.o)
    0x0800324c   0x0800324c   0x0000000c   Code   RO         3897    x$fpl$dretinf       fz_ws.l(dretinf.o)
    0x08003258   0x08003258   0x0000006c   Code   RO         3868    x$fpl$drleqf        fz_ws.l(drleqf.o)
    0x080032c4   0x080032c4   0x00000016   Code   RO         3847    x$fpl$drsb          fz_ws.l(daddsub_clz.o)
    0x080032da   0x080032da   0x00000002   PAD
    0x080032dc   0x080032dc   0x000001cc   Code   RO         3899    x$fpl$dsqrt         fz_ws.l(dsqrt_noumaal.o)
    0x080034a8   0x080034a8   0x000001d4   Code   RO         3848    x$fpl$dsub          fz_ws.l(daddsub_clz.o)
    0x0800367c   0x0800367c   0x00000018   Code   RO         3901    x$fpl$fcmpinf       fz_ws.l(fcmpi.o)
    0x08003694   0x08003694   0x00000068   Code   RO         3870    x$fpl$fleqf         fz_ws.l(fleqf.o)
    0x080036fc   0x080036fc   0x0000008c   Code   RO         3903    x$fpl$fnaninf       fz_ws.l(fnaninf.o)
    0x08003788   0x08003788   0x0000000a   Code   RO         3905    x$fpl$fretinf       fz_ws.l(fretinf.o)
    0x08003792   0x08003792   0x00000062   Code   RO         3872    x$fpl$frleqf        fz_ws.l(frleqf.o)
    0x080037f4   0x080037f4   0x00000064   Code   RO         4023    x$fpl$retnan        fz_ws.l(retnan.o)
    0x08003858   0x08003858   0x0000005c   Code   RO         3955    x$fpl$scalbn        fz_ws.l(scalbn.o)
    0x080038b4   0x080038b4   0x00000030   Code   RO         4036    x$fpl$trapveneer    fz_ws.l(trapv.o)
    0x080038e4   0x080038e4   0x00000000   Code   RO         3907    x$fpl$usenofp       fz_ws.l(usenofp.o)
    0x080038e4   0x080038e4   0x000005f0   Data   RO         3391    .constdata          oled.o
    0x08003ed4   0x08003ed4   0x00000004   PAD
    0x08003ed8   0x08003ed8   0x00000098   Data   RO         3910    .constdata          m_ws.l(atan.o)
    0x08003f70   0x08003f70   0x00000008   Data   RO         3932    .constdata          m_ws.l(qnan.o)
    0x08003f78   0x08003f78   0x00000020   Data   RO         4104    Region$$Table       anon$$obj.o


    Execution Region RW_IRAM1 (Exec base: 0x20000000, Load base: 0x08003f98, Size: 0x000006a8, Max: 0x00005000, ABSOLUTE)

    Exec Addr    Load Addr    Size         Type   Attr      Idx    E Section Name        Object

    0x20000000   0x08003f98   0x00000014   Data   RW         1805    .data               stm32f10x_rcc.o
    0x20000014   0x08003fac   0x00000004   PAD
    0x20000018   0x08003fb0   0x00000028   Data   RW         3226    .data               check.o
    0x20000040   0x08003fd8   0x00000001   Data   RW         3585    .data               infraredsensor.o
    0x20000041   0x08003fd9   0x00000006   Data   RW         3618    .data               serial.o
    0x20000047   0x08003fdf   0x00000001   Data   RW         3669    .data               lightsensor.o
    0x20000048        -       0x00000060   Zero   RW         3962    .bss                c_w.l(libspace.o)
    0x200000a8        -       0x00000200   Zero   RW            2    HEAP                startup_stm32f10x_md.o
    0x200002a8        -       0x00000400   Zero   RW            1    STACK               startup_stm32f10x_md.o


==============================================================================

Image component sizes


      Code (inc. data)   RO Data    RW Data    ZI Data      Debug   Object Name

       346         38          0          0          0       1903   ad.o
      1556        288          0         40          0       3704   check.o
         0          0          0          0          0       4500   core_cm3.o
        70          0          0          0          0        842   delay.o
       300         14          0          1          0       1278   infraredsensor.o
       232         10          0          0          0        956   key.o
        80         12          0          0          0       1176   led.o
        88         12          0          1          0       1098   lightsensor.o
        52         10          0          0          0        403   main.o
       132         22          0          0          0     215619   misc.o
       622         36          0          0          0       3250   mpu6050.o
       726         22       1520          0          0       5803   oled.o
       436          6          0          0          0       2487   pwm.o
       370         40          0          6          0       3787   serial.o
       544        208          0          0          0       2492   servo.o
        64         26        236          0       1536        784   startup_stm32f10x_md.o
       430         16          0          0          0      18216   stm32f10x_adc.o
       200         18          0          0          0       3888   stm32f10x_exti.o
       378          4          0          0          0      12590   stm32f10x_gpio.o
       404         14          0          0          0      14112   stm32f10x_i2c.o
        26          0          0          0          0       3370   stm32f10x_it.o
       300         38          0         20          0      13201   stm32f10x_rcc.o
       950         92          0          0          0      29573   stm32f10x_tim.o
       472          6          0          0          0      12067   stm32f10x_usart.o
       328         28          0          0          0      52773   system_stm32f10x.o

    ----------------------------------------------------------------------
      9136        960       1792         72       1536     409872   Object Totals
         0          0         32          0          0          0   (incl. Generated)
        30          0          4          4          0          0   (incl. Padding)

    ----------------------------------------------------------------------

      Code (inc. data)   RO Data    RW Data    ZI Data      Debug   Library Member Name

         8          0          0          0          0         68   __main.o
         0          0          0          0          0          0   __rtentry.o
        12          0          0          0          0          0   __rtentry2.o
         6          0          0          0          0          0   __rtentry4.o
        52          8          0          0          0          0   __scatter.o
        26          0          0          0          0          0   __scatter_copy.o
        28          0          0          0          0          0   __scatter_zi.o
        22          0          0          0          0        100   _rserrno.o
        18          0          0          0          0         80   exit.o
         6          0          0          0          0        152   heapauxi.o
         0          0          0          0          0          0   indicate_semi.o
         2          0          0          0          0          0   libinit.o
         2          0          0          0          0          0   libinit2.o
         2          0          0          0          0          0   libshutdown.o
         2          0          0          0          0          0   libshutdown2.o
         8          4          0          0         96         68   libspace.o
         8          4          0          0          0         68   rt_errno_addr_intlibspace.o
         2          0          0          0          0          0   rtexit.o
        10          0          0          0          0          0   rtexit2.o
        12          4          0          0          0         68   sys_exit.o
        74          0          0          0          0         80   sys_stackheap_outer.o
         2          0          0          0          0         68   use_no_semi.o
        98          4          0          0          0         92   d2f.o
       826         16          0          0          0        348   daddsub_clz.o
        16          4          0          0          0         68   dcheck1.o
        24          0          0          0          0         68   dcmpi.o
       688        140          0          0          0        208   ddiv.o
        90          4          0          0          0         92   dfixu.o
        84          0          0          0          0        136   dflt_clz.o
       120          4          0          0          0         92   dleqf.o
       340         12          0          0          0        104   dmul.o
       156          4          0          0          0         92   dnaninf.o
        12          0          0          0          0         68   dretinf.o
       108          0          0          0          0         80   drleqf.o
       460         56          0          0          0        120   dsqrt_noumaal.o
        24          0          0          0          0         68   fcmpi.o
       104          4          0          0          0         84   fleqf.o
       140          4          0          0          0         84   fnaninf.o
        10          0          0          0          0         68   fretinf.o
        98          0          0          0          0         68   frleqf.o
       100          0          0          0          0         68   retnan.o
        92          0          0          0          0         68   scalbn.o
        48          0          0          0          0         68   trapv.o
         0          0          0          0          0          0   usenofp.o
       544         70        152          0          0        124   atan.o
       384         38          0          0          0        144   atan2.o
        26          6          0          0          0        204   dunder.o
        40          0          0          0          0         68   fpclassify.o
       170          0          0          0          0         96   poly.o
         0          0          8          0          0          0   qnan.o
        76          0          0          0          0         84   sqrt.o

    ----------------------------------------------------------------------
      5192        386        160          0         96       3616   Library Totals
        12          0          0          0          0          0   (incl. Padding)

    ----------------------------------------------------------------------

      Code (inc. data)   RO Data    RW Data    ZI Data      Debug   Library Name

       302         20          0          0         96        752   c_w.l
      3638        252          0          0          0       2144   fz_ws.l
      1240        114        160          0          0        720   m_ws.l

    ----------------------------------------------------------------------
      5192        386        160          0         96       3616   Library Totals

    ----------------------------------------------------------------------

==============================================================================


      Code (inc. data)   RO Data    RW Data    ZI Data      Debug   

     14328       1346       1952         72       1632     405164   Grand Totals
     14328       1346       1952         72       1632     405164   ELF Image Totals
     14328       1346       1952         72          0          0   ROM Totals

==============================================================================

    Total RO  Size (Code + RO Data)                16280 (  15.90kB)
    Total RW  Size (RW Data + ZI Data)              1704 (   1.66kB)
    Total ROM Size (Code + RO Data + RW Data)      16352 (  15.97kB)

==============================================================================

